┏━━━━━━━━━━━━━━━━━━━━━━┳━━━━━━━━━━┳━━━━━━━━━━┳━━━━━━━━━━┳━━━━━━━━━━┳━━━━━━━━━━━┳━━━━━━━━━━┳━━━━━━━━━━━┳━━━━━━━━━━┳━━━━━━━━━━━┳━━━━━━━━━━┳━━━━━━━━━━━┳━━━━━━━━━━┓
┃                      ┃ Hold     ┃ Reg to   ┃          ┃          ┃ of which  ┃ Setup    ┃           ┃          ┃           ┃ of which ┃           ┃          ┃
┃                      ┃ Worst    ┃ Reg      ┃          ┃ Hold Vio ┃ reg to    ┃ Worst    ┃ Reg to    ┃ Setup    ┃ Setup Vio ┃ reg to   ┃ Max Cap   ┃ Max Slew ┃
┃ Corner/Group         ┃ Slack    ┃ Paths    ┃ Hold TNS ┃ Count    ┃ reg       ┃ Slack    ┃ Reg Paths ┃ TNS      ┃ Count     ┃ reg      ┃ Violatio… ┃ Violati… ┃
┡━━━━━━━━━━━━━━━━━━━━━━╇━━━━━━━━━━╇━━━━━━━━━━╇━━━━━━━━━━╇━━━━━━━━━━╇━━━━━━━━━━━╇━━━━━━━━━━╇━━━━━━━━━━━╇━━━━━━━━━━╇━━━━━━━━━━━╇━━━━━━━━━━╇━━━━━━━━━━━╇━━━━━━━━━━┩
│ Overall              │ 0.1087   │ 0.1087   │ 0.0000   │ 0        │ 0         │ -0.7109  │ -0.7109   │ -7.7007  │ 44        │ 44       │ 0         │ 22       │
│ nom_tt_025C_1v80     │ 0.3195   │ 0.3195   │ 0.0000   │ 0        │ 0         │ 9.4907   │ 9.6863    │ 0.0000   │ 0         │ 0        │ 0         │ 0        │
│ nom_ss_100C_1v60     │ 0.8897   │ 0.8897   │ 0.0000   │ 0        │ 0         │ -0.5686  │ -0.5686   │ -5.5716  │ 15        │ 15       │ 0         │ 22       │
│ nom_ff_n40C_1v95     │ 0.1100   │ 0.1100   │ 0.0000   │ 0        │ 0         │ 10.2940  │ 13.4116   │ 0.0000   │ 0         │ 0        │ 0         │ 0        │
│ min_tt_025C_1v80     │ 0.3158   │ 0.3158   │ 0.0000   │ 0        │ 0         │ 9.5185   │ 9.7692    │ 0.0000   │ 0         │ 0        │ 0         │ 0        │
│ min_ss_100C_1v60     │ 0.8830   │ 0.8830   │ 0.0000   │ 0        │ 0         │ -0.4213  │ -0.4213   │ -3.5084  │ 13        │ 13       │ 0         │ 22       │
│ min_ff_n40C_1v95     │ 0.1087   │ 0.1087   │ 0.0000   │ 0        │ 0         │ 10.3121  │ 13.4536   │ 0.0000   │ 0         │ 0        │ 0         │ 0        │
│ max_tt_025C_1v80     │ 0.3225   │ 0.3225   │ 0.0000   │ 0        │ 0         │ 9.4622   │ 9.6013    │ 0.0000   │ 0         │ 0        │ 0         │ 0        │
│ max_ss_100C_1v60     │ 0.8974   │ 0.8974   │ 0.0000   │ 0        │ 0         │ -0.7109  │ -0.7109   │ -7.7007  │ 16        │ 16       │ 0         │ 22       │
│ max_ff_n40C_1v95     │ 0.1122   │ 0.1122   │ 0.0000   │ 0        │ 0         │ 10.2753  │ 13.3554   │ 0.0000   │ 0         │ 0        │ 0         │ 0        │
└──────────────────────┴──────────┴──────────┴──────────┴──────────┴───────────┴──────────┴───────────┴──────────┴───────────┴──────────┴───────────┴──────────┘
