#! /usr/bin/vvp
:ivl_version "12.0 (stable)";
:ivl_delay_selection "TYPICAL";
:vpi_time_precision - 12;
:vpi_module "/usr/lib/x86_64-linux-gnu/ivl/system.vpi";
:vpi_module "/usr/lib/x86_64-linux-gnu/ivl/vhdl_sys.vpi";
:vpi_module "/usr/lib/x86_64-linux-gnu/ivl/vhdl_textio.vpi";
:vpi_module "/usr/lib/x86_64-linux-gnu/ivl/v2005_math.vpi";
:vpi_module "/usr/lib/x86_64-linux-gnu/ivl/va_math.vpi";
S_0x64021b8691a0 .scope module, "jagdis_top_smoke_tb" "jagdis_top_smoke_tb" 2 4;
 .timescale -9 -12;
v0x64021b8b71f0_0 .var "brake", 0 0;
v0x64021b8b7300_0 .var "clk", 0 0;
v0x64021b8b73c0_0 .var "dir", 0 0;
v0x64021b8b74b0_0 .var "duty", 9 0;
v0x64021b8b75a0_0 .var "enable", 0 0;
v0x64021b8b76e0_0 .net "fault", 0 0, L_0x64021b8cc910;  1 drivers
v0x64021b8b7780_0 .net "gh_a", 0 0, L_0x64021b8ca700;  1 drivers
v0x64021b8b7820_0 .net "gh_b", 0 0, L_0x64021b8cae70;  1 drivers
v0x64021b8b78c0_0 .net "gh_c", 0 0, L_0x64021b8cbc20;  1 drivers
v0x64021b8b7960_0 .net "gl_a", 0 0, L_0x64021b8cac20;  1 drivers
v0x64021b8b7a00_0 .net "gl_b", 0 0, L_0x64021b8cb510;  1 drivers
v0x64021b8b7aa0_0 .net "gl_c", 0 0, L_0x64021b8cc3d0;  1 drivers
v0x64021b8b7b40_0 .var "hall_a", 0 0;
v0x64021b8b7be0_0 .var "hall_b", 0 0;
v0x64021b8b7cd0_0 .var "hall_c", 0 0;
v0x64021b8b7dc0_0 .var "oc_fault", 0 0;
v0x64021b8b7eb0_0 .var "ot_fault", 0 0;
v0x64021b8b7fa0_0 .var "reset_n", 0 0;
v0x64021b8b8090_0 .net "run", 0 0, L_0x64021b8cc6a0;  1 drivers
v0x64021b8b8130_0 .var "uv_fault", 0 0;
S_0x64021b876be0 .scope module, "dut" "jagdis_top" 2 21, 3 3 0, S_0x64021b8691a0;
 .timescale -9 -12;
    .port_info 0 /INPUT 1 "CLK";
    .port_info 1 /INPUT 1 "RESET_N";
    .port_info 2 /INPUT 1 "HALL_A";
    .port_info 3 /INPUT 1 "HALL_B";
    .port_info 4 /INPUT 1 "HALL_C";
    .port_info 5 /INPUT 10 "DUTY";
    .port_info 6 /INPUT 1 "ENABLE";
    .port_info 7 /INPUT 1 "DIR";
    .port_info 8 /INPUT 1 "BRAKE";
    .port_info 9 /INPUT 1 "OC_FAULT";
    .port_info 10 /INPUT 1 "UV_FAULT";
    .port_info 11 /INPUT 1 "OT_FAULT";
    .port_info 12 /OUTPUT 1 "GH_A";
    .port_info 13 /OUTPUT 1 "GL_A";
    .port_info 14 /OUTPUT 1 "GH_B";
    .port_info 15 /OUTPUT 1 "GL_B";
    .port_info 16 /OUTPUT 1 "GH_C";
    .port_info 17 /OUTPUT 1 "GL_C";
    .port_info 18 /OUTPUT 1 "RUN";
    .port_info 19 /OUTPUT 1 "FAULT";
P_0x64021b85fc90 .param/l "DEAD_TIME_CLKS" 0 3 5, C4<011001>;
P_0x64021b85fcd0 .param/l "PWM_PERIOD_CLKS" 0 3 4, C4<10011100010>;
L_0x64021b8ca540 .functor AND 1, v0x64021b8abeb0_0, v0x64021b8b7fa0_0, C4<1>, C4<1>;
L_0x64021b8ca5b0 .functor NOT 1, L_0x64021b8c9400, C4<0>, C4<0>, C4<0>;
L_0x64021b8ca620 .functor AND 1, L_0x64021b8ca540, L_0x64021b8ca5b0, C4<1>, C4<1>;
L_0x64021b8ca690 .functor NOT 1, v0x64021b8ab110_0, C4<0>, C4<0>, C4<0>;
L_0x64021b8ca700 .functor AND 1, L_0x64021b8ca620, L_0x64021b8ca690, C4<1>, C4<1>;
L_0x64021b8ca860 .functor AND 1, v0x64021b8abf50_0, v0x64021b8b7fa0_0, C4<1>, C4<1>;
L_0x64021b8ca9a0 .functor NOT 1, L_0x64021b8c9400, C4<0>, C4<0>, C4<0>;
L_0x64021b8caa10 .functor AND 1, L_0x64021b8ca860, L_0x64021b8ca9a0, C4<1>, C4<1>;
L_0x64021b8cab20 .functor NOT 1, v0x64021b8ab110_0, C4<0>, C4<0>, C4<0>;
L_0x64021b8cac20 .functor AND 1, L_0x64021b8caa10, L_0x64021b8cab20, C4<1>, C4<1>;
L_0x64021b8cad90 .functor AND 1, v0x64021b8ac870_0, v0x64021b8b7fa0_0, C4<1>, C4<1>;
L_0x64021b8cae00 .functor NOT 1, L_0x64021b8c9400, C4<0>, C4<0>, C4<0>;
L_0x64021b8caee0 .functor AND 1, L_0x64021b8cad90, L_0x64021b8cae00, C4<1>, C4<1>;
L_0x64021b8cafa0 .functor NOT 1, v0x64021b8ab110_0, C4<0>, C4<0>, C4<0>;
L_0x64021b8cae70 .functor AND 1, L_0x64021b8caee0, L_0x64021b8cafa0, C4<1>, C4<1>;
L_0x64021b8cb180 .functor AND 1, v0x64021b8ac910_0, v0x64021b8b7fa0_0, C4<1>, C4<1>;
L_0x64021b8cb280 .functor NOT 1, L_0x64021b8c9400, C4<0>, C4<0>, C4<0>;
L_0x64021b8cb2f0 .functor AND 1, L_0x64021b8cb180, L_0x64021b8cb280, C4<1>, C4<1>;
L_0x64021b8cb4a0 .functor NOT 1, v0x64021b8ab110_0, C4<0>, C4<0>, C4<0>;
L_0x64021b8cb510 .functor AND 1, L_0x64021b8cb2f0, L_0x64021b8cb4a0, C4<1>, C4<1>;
L_0x64021b8cb720 .functor AND 1, v0x64021b8ad250_0, v0x64021b8b7fa0_0, C4<1>, C4<1>;
L_0x64021b8cb790 .functor NOT 1, L_0x64021b8c9400, C4<0>, C4<0>, C4<0>;
L_0x64021b8cb9d0 .functor AND 1, L_0x64021b8cb720, L_0x64021b8cb790, C4<1>, C4<1>;
L_0x64021b8cbae0 .functor NOT 1, v0x64021b8ab110_0, C4<0>, C4<0>, C4<0>;
L_0x64021b8cbc20 .functor AND 1, L_0x64021b8cb9d0, L_0x64021b8cbae0, C4<1>, C4<1>;
L_0x64021b8cbd80 .functor AND 1, v0x64021b8ad2f0_0, v0x64021b8b7fa0_0, C4<1>, C4<1>;
L_0x64021b8cbfe0 .functor NOT 1, L_0x64021b8c9400, C4<0>, C4<0>, C4<0>;
L_0x64021b8cc050 .functor AND 1, L_0x64021b8cbd80, L_0x64021b8cbfe0, C4<1>, C4<1>;
L_0x64021b8cc250 .functor NOT 1, v0x64021b8ab110_0, C4<0>, C4<0>, C4<0>;
L_0x64021b8cc3d0 .functor AND 1, L_0x64021b8cc050, L_0x64021b8cc250, C4<1>, C4<1>;
L_0x64021b8cc630 .functor NOT 1, L_0x64021b8c9400, C4<0>, C4<0>, C4<0>;
L_0x64021b8cc6a0 .functor AND 1, v0x64021b8aa720_0, L_0x64021b8cc630, C4<1>, C4<1>;
L_0x64021b8cc910 .functor BUFZ 1, v0x64021b8ab110_0, C4<0>, C4<0>, C4<0>;
v0x64021b8b3150_0 .net "BRAKE", 0 0, v0x64021b8b71f0_0;  1 drivers
v0x64021b8b3220_0 .net "CLK", 0 0, v0x64021b8b7300_0;  1 drivers
v0x64021b8b32c0_0 .net "DIR", 0 0, v0x64021b8b73c0_0;  1 drivers
v0x64021b8b33c0_0 .net "DUTY", 9 0, v0x64021b8b74b0_0;  1 drivers
v0x64021b8b3490_0 .net "ENABLE", 0 0, v0x64021b8b75a0_0;  1 drivers
v0x64021b8b3580_0 .net "FAULT", 0 0, L_0x64021b8cc910;  alias, 1 drivers
v0x64021b8b3620_0 .net "GH_A", 0 0, L_0x64021b8ca700;  alias, 1 drivers
v0x64021b8b36c0_0 .net "GH_B", 0 0, L_0x64021b8cae70;  alias, 1 drivers
v0x64021b8b3760_0 .net "GH_C", 0 0, L_0x64021b8cbc20;  alias, 1 drivers
v0x64021b8b3800_0 .net "GL_A", 0 0, L_0x64021b8cac20;  alias, 1 drivers
v0x64021b8b38c0_0 .net "GL_B", 0 0, L_0x64021b8cb510;  alias, 1 drivers
v0x64021b8b3980_0 .net "GL_C", 0 0, L_0x64021b8cc3d0;  alias, 1 drivers
v0x64021b8b3a40_0 .net "HALL_A", 0 0, v0x64021b8b7b40_0;  1 drivers
v0x64021b8b3b10_0 .net "HALL_B", 0 0, v0x64021b8b7be0_0;  1 drivers
v0x64021b8b3be0_0 .net "HALL_C", 0 0, v0x64021b8b7cd0_0;  1 drivers
v0x64021b8b3cb0_0 .net "OC_FAULT", 0 0, v0x64021b8b7dc0_0;  1 drivers
v0x64021b8b3d80_0 .net "OT_FAULT", 0 0, v0x64021b8b7eb0_0;  1 drivers
v0x64021b8b3f60_0 .net "RESET_N", 0 0, v0x64021b8b7fa0_0;  1 drivers
v0x64021b8b4030_0 .net "RUN", 0 0, L_0x64021b8cc6a0;  alias, 1 drivers
v0x64021b8b40d0_0 .net "UV_FAULT", 0 0, v0x64021b8b8130_0;  1 drivers
v0x64021b8b41a0_0 .net *"_ivl_0", 0 0, L_0x64021b8ca540;  1 drivers
v0x64021b8b4240_0 .net *"_ivl_10", 0 0, L_0x64021b8ca860;  1 drivers
v0x64021b8b42e0_0 .net *"_ivl_12", 0 0, L_0x64021b8ca9a0;  1 drivers
v0x64021b8b4380_0 .net *"_ivl_14", 0 0, L_0x64021b8caa10;  1 drivers
v0x64021b8b4460_0 .net *"_ivl_16", 0 0, L_0x64021b8cab20;  1 drivers
v0x64021b8b4540_0 .net *"_ivl_2", 0 0, L_0x64021b8ca5b0;  1 drivers
v0x64021b8b4620_0 .net *"_ivl_20", 0 0, L_0x64021b8cad90;  1 drivers
v0x64021b8b4700_0 .net *"_ivl_22", 0 0, L_0x64021b8cae00;  1 drivers
v0x64021b8b47e0_0 .net *"_ivl_24", 0 0, L_0x64021b8caee0;  1 drivers
v0x64021b8b48c0_0 .net *"_ivl_26", 0 0, L_0x64021b8cafa0;  1 drivers
v0x64021b8b49a0_0 .net *"_ivl_30", 0 0, L_0x64021b8cb180;  1 drivers
v0x64021b8b4a80_0 .net *"_ivl_32", 0 0, L_0x64021b8cb280;  1 drivers
v0x64021b8b4b60_0 .net *"_ivl_34", 0 0, L_0x64021b8cb2f0;  1 drivers
v0x64021b8b4e50_0 .net *"_ivl_36", 0 0, L_0x64021b8cb4a0;  1 drivers
v0x64021b8b4f30_0 .net *"_ivl_4", 0 0, L_0x64021b8ca620;  1 drivers
v0x64021b8b5010_0 .net *"_ivl_40", 0 0, L_0x64021b8cb720;  1 drivers
v0x64021b8b50f0_0 .net *"_ivl_42", 0 0, L_0x64021b8cb790;  1 drivers
v0x64021b8b51d0_0 .net *"_ivl_44", 0 0, L_0x64021b8cb9d0;  1 drivers
v0x64021b8b52b0_0 .net *"_ivl_46", 0 0, L_0x64021b8cbae0;  1 drivers
v0x64021b8b5390_0 .net *"_ivl_50", 0 0, L_0x64021b8cbd80;  1 drivers
v0x64021b8b5470_0 .net *"_ivl_52", 0 0, L_0x64021b8cbfe0;  1 drivers
v0x64021b8b5550_0 .net *"_ivl_54", 0 0, L_0x64021b8cc050;  1 drivers
v0x64021b8b5630_0 .net *"_ivl_56", 0 0, L_0x64021b8cc250;  1 drivers
v0x64021b8b5710_0 .net *"_ivl_6", 0 0, L_0x64021b8ca690;  1 drivers
v0x64021b8b57f0_0 .net *"_ivl_60", 0 0, L_0x64021b8cc630;  1 drivers
v0x64021b8b58d0_0 .net "brake_active", 0 0, v0x64021b884580_0;  1 drivers
v0x64021b8b5970_0 .net "compare_value", 10 0, v0x64021b8b2150_0;  1 drivers
v0x64021b8b5a30_0 .net "duty_active", 9 0, v0x64021b8b2360_0;  1 drivers
v0x64021b8b5b00_0 .net "duty_shadow", 9 0, v0x64021b8b2520_0;  1 drivers
v0x64021b8b5bd0_0 .net "fault_condition", 0 0, L_0x64021b8c9400;  1 drivers
v0x64021b8b5cc0_0 .net "fault_latched", 0 0, v0x64021b8ab110_0;  1 drivers
v0x64021b8b5db0_0 .net "gh_a_normal", 0 0, v0x64021b8abeb0_0;  1 drivers
v0x64021b8b5ea0_0 .net "gh_b_normal", 0 0, v0x64021b8ac870_0;  1 drivers
v0x64021b8b5f90_0 .net "gh_c_normal", 0 0, v0x64021b8ad250_0;  1 drivers
v0x64021b8b6080_0 .net "gl_a_normal", 0 0, v0x64021b8abf50_0;  1 drivers
v0x64021b8b6170_0 .net "gl_b_normal", 0 0, v0x64021b8ac910_0;  1 drivers
v0x64021b8b6260_0 .net "gl_c_normal", 0 0, v0x64021b8ad2f0_0;  1 drivers
v0x64021b8b6350_0 .net "hall_active", 2 0, v0x64021b8b0c60_0;  1 drivers
v0x64021b8b63f0_0 .net "hall_fault", 0 0, v0x64021b8b1080_0;  1 drivers
v0x64021b8b64e0_0 .net "hall_sync", 2 0, L_0x64021b8c8690;  1 drivers
v0x64021b8b6580_0 .net "hall_valid", 0 0, L_0x64021b84c850;  1 drivers
v0x64021b8b6670_0 .net "phase_cmd", 5 0, v0x64021b8b1720_0;  1 drivers
v0x64021b8b6760_0 .net "pwm_boundary", 0 0, L_0x64021b8c82d0;  1 drivers
v0x64021b8b6800_0 .net "pwm_counter", 10 0, v0x64021b8b2730_0;  1 drivers
v0x64021b8b68c0_0 .net "pwm_raw", 0 0, L_0x64021b8c83c0;  1 drivers
v0x64021b8b6dc0_0 .net "reset_n_sync", 0 0, L_0x64021b8b8220;  1 drivers
v0x64021b8b6e60_0 .net "run_enable", 0 0, v0x64021b8aa7e0_0;  1 drivers
v0x64021b8b6f50_0 .net "run_internal", 0 0, v0x64021b8aa720_0;  1 drivers
S_0x64021b892690 .scope module, "control" "control_fsm" 3 61, 4 3 0, S_0x64021b876be0;
 .timescale -9 -12;
    .port_info 0 /INPUT 1 "clk";
    .port_info 1 /INPUT 1 "reset_n";
    .port_info 2 /INPUT 1 "enable";
    .port_info 3 /INPUT 1 "brake";
    .port_info 4 /INPUT 1 "hall_valid";
    .port_info 5 /INPUT 1 "pwm_boundary";
    .port_info 6 /INPUT 1 "fault_condition";
    .port_info 7 /INPUT 1 "fault_latched";
    .port_info 8 /OUTPUT 1 "run_enable";
    .port_info 9 /OUTPUT 1 "brake_active";
    .port_info 10 /OUTPUT 1 "run";
P_0x64021b86a1e0 .param/l "BRAKE" 1 4 19, C4<011>;
P_0x64021b86a220 .param/l "FAULT" 1 4 20, C4<100>;
P_0x64021b86a260 .param/l "IDLE" 1 4 16, C4<000>;
P_0x64021b86a2a0 .param/l "RUN" 1 4 18, C4<010>;
P_0x64021b86a2e0 .param/l "STARTUP" 1 4 17, C4<001>;
v0x64021b8865a0_0 .net "brake", 0 0, v0x64021b8b71f0_0;  alias, 1 drivers
v0x64021b884580_0 .var "brake_active", 0 0;
v0x64021b884680_0 .net "clk", 0 0, v0x64021b8b7300_0;  alias, 1 drivers
v0x64021b882600_0 .net "enable", 0 0, v0x64021b8b75a0_0;  alias, 1 drivers
v0x64021b882700_0 .net "fault_condition", 0 0, L_0x64021b8c9400;  alias, 1 drivers
v0x64021b878fa0_0 .net "fault_latched", 0 0, v0x64021b8ab110_0;  alias, 1 drivers
v0x64021b8790a0_0 .net "hall_valid", 0 0, L_0x64021b84c850;  alias, 1 drivers
v0x64021b8aa4c0_0 .var "next_state", 2 0;
v0x64021b8aa5a0_0 .net "pwm_boundary", 0 0, L_0x64021b8c82d0;  alias, 1 drivers
v0x64021b8aa660_0 .net "reset_n", 0 0, L_0x64021b8b8220;  alias, 1 drivers
v0x64021b8aa720_0 .var "run", 0 0;
v0x64021b8aa7e0_0 .var "run_enable", 0 0;
v0x64021b8aa8a0_0 .var "state", 2 0;
E_0x64021b82b2d0 .event anyedge, v0x64021b8aa8a0_0, v0x64021b878fa0_0, v0x64021b8aa7e0_0;
E_0x64021b82a9b0/0 .event negedge, v0x64021b8aa660_0;
E_0x64021b82a9b0/1 .event posedge, v0x64021b884680_0;
E_0x64021b82a9b0 .event/or E_0x64021b82a9b0/0, E_0x64021b82a9b0/1;
E_0x64021b82c040/0 .event anyedge, v0x64021b8aa8a0_0, v0x64021b882700_0, v0x64021b878fa0_0, v0x64021b882600_0;
E_0x64021b82c040/1 .event anyedge, v0x64021b8865a0_0, v0x64021b8790a0_0, v0x64021b8aa5a0_0;
E_0x64021b82c040 .event/or E_0x64021b82c040/0, E_0x64021b82c040/1;
S_0x64021b8aab40 .scope module, "faults" "fault_manager" 3 55, 5 3 0, S_0x64021b876be0;
 .timescale -9 -12;
    .port_info 0 /INPUT 1 "clk";
    .port_info 1 /INPUT 1 "reset_n";
    .port_info 2 /INPUT 1 "oc_fault";
    .port_info 3 /INPUT 1 "uv_fault";
    .port_info 4 /INPUT 1 "ot_fault";
    .port_info 5 /INPUT 1 "hall_fault";
    .port_info 6 /OUTPUT 1 "fault_condition";
    .port_info 7 /OUTPUT 1 "fault_latched";
L_0x64021b8c92d0 .functor OR 1, v0x64021b8b7dc0_0, v0x64021b8b8130_0, C4<0>, C4<0>;
L_0x64021b8c9340 .functor OR 1, L_0x64021b8c92d0, v0x64021b8b7eb0_0, C4<0>, C4<0>;
L_0x64021b8c9400 .functor OR 1, L_0x64021b8c9340, v0x64021b8b1080_0, C4<0>, C4<0>;
v0x64021b8aae10_0 .net *"_ivl_0", 0 0, L_0x64021b8c92d0;  1 drivers
v0x64021b8aaef0_0 .net *"_ivl_2", 0 0, L_0x64021b8c9340;  1 drivers
v0x64021b8aafd0_0 .net "clk", 0 0, v0x64021b8b7300_0;  alias, 1 drivers
v0x64021b8ab070_0 .net "fault_condition", 0 0, L_0x64021b8c9400;  alias, 1 drivers
v0x64021b8ab110_0 .var "fault_latched", 0 0;
v0x64021b8ab200_0 .net "hall_fault", 0 0, v0x64021b8b1080_0;  alias, 1 drivers
v0x64021b8ab2a0_0 .net "oc_fault", 0 0, v0x64021b8b7dc0_0;  alias, 1 drivers
v0x64021b8ab340_0 .net "ot_fault", 0 0, v0x64021b8b7eb0_0;  alias, 1 drivers
v0x64021b8ab3e0_0 .net "reset_n", 0 0, L_0x64021b8b8220;  alias, 1 drivers
v0x64021b8ab480_0 .net "uv_fault", 0 0, v0x64021b8b8130_0;  alias, 1 drivers
S_0x64021b8ab600 .scope module, "gates" "gate_controller" 3 68, 6 3 0, S_0x64021b876be0;
 .timescale -9 -12;
    .port_info 0 /INPUT 1 "clk";
    .port_info 1 /INPUT 1 "reset_n";
    .port_info 2 /INPUT 1 "run_enable";
    .port_info 3 /INPUT 1 "brake_active";
    .port_info 4 /INPUT 1 "pwm_raw";
    .port_info 5 /INPUT 6 "phase_cmd";
    .port_info 6 /OUTPUT 1 "gh_a";
    .port_info 7 /OUTPUT 1 "gl_a";
    .port_info 8 /OUTPUT 1 "gh_b";
    .port_info 9 /OUTPUT 1 "gl_b";
    .port_info 10 /OUTPUT 1 "gh_c";
    .port_info 11 /OUTPUT 1 "gl_c";
P_0x64021b8ab790 .param/l "DEAD_TIME_CLKS" 0 6 4, C4<011001>;
L_0x64021b8c9560 .functor AND 1, v0x64021b8aa7e0_0, L_0x64021b8c94c0, C4<1>, C4<1>;
L_0x64021b8c96c0 .functor AND 1, L_0x64021b8c9560, L_0x64021b8c9620, C4<1>, C4<1>;
L_0x64021b8c97d0 .functor AND 1, L_0x64021b8c96c0, L_0x64021b8c83c0, C4<1>, C4<1>;
L_0x64021b8c9a10 .functor AND 1, L_0x64021b8c9560, L_0x64021b8c98e0, C4<1>, C4<1>;
L_0x64021b8c9b20 .functor AND 1, L_0x64021b8c9560, L_0x64021b8c9a80, C4<1>, C4<1>;
L_0x64021b8c9c20 .functor AND 1, L_0x64021b8c9b20, L_0x64021b8c83c0, C4<1>, C4<1>;
L_0x64021b8c9e10 .functor AND 1, L_0x64021b8c9560, L_0x64021b8c9d70, C4<1>, C4<1>;
L_0x64021b8ca000 .functor AND 1, L_0x64021b8c9560, L_0x64021b8c9f20, C4<1>, C4<1>;
L_0x64021b8ca110 .functor AND 1, L_0x64021b8ca000, L_0x64021b8c83c0, C4<1>, C4<1>;
L_0x64021b8ca3d0 .functor AND 1, L_0x64021b8c9560, L_0x64021b8ca220, C4<1>, C4<1>;
v0x64021b8ad720_0 .net *"_ivl_1", 0 0, L_0x64021b8c94c0;  1 drivers
v0x64021b8ad800_0 .net *"_ivl_11", 0 0, L_0x64021b8c98e0;  1 drivers
v0x64021b8ad8e0_0 .net *"_ivl_15", 0 0, L_0x64021b8c9a80;  1 drivers
v0x64021b8ad9a0_0 .net *"_ivl_17", 0 0, L_0x64021b8c9b20;  1 drivers
v0x64021b8ada60_0 .net *"_ivl_21", 0 0, L_0x64021b8c9d70;  1 drivers
v0x64021b8adb40_0 .net *"_ivl_25", 0 0, L_0x64021b8c9f20;  1 drivers
v0x64021b8adc20_0 .net *"_ivl_27", 0 0, L_0x64021b8ca000;  1 drivers
v0x64021b8adce0_0 .net *"_ivl_31", 0 0, L_0x64021b8ca220;  1 drivers
v0x64021b8addc0_0 .net *"_ivl_5", 0 0, L_0x64021b8c9620;  1 drivers
v0x64021b8adf30_0 .net *"_ivl_7", 0 0, L_0x64021b8c96c0;  1 drivers
v0x64021b8adff0_0 .net "allow_drive", 0 0, L_0x64021b8c9560;  1 drivers
v0x64021b8ae0b0_0 .net "brake_active", 0 0, v0x64021b884580_0;  alias, 1 drivers
v0x64021b8ae150_0 .net "clk", 0 0, v0x64021b8b7300_0;  alias, 1 drivers
v0x64021b8ae1f0_0 .net "gh_a", 0 0, v0x64021b8abeb0_0;  alias, 1 drivers
v0x64021b8ae2c0_0 .net "gh_b", 0 0, v0x64021b8ac870_0;  alias, 1 drivers
v0x64021b8ae390_0 .net "gh_c", 0 0, v0x64021b8ad250_0;  alias, 1 drivers
v0x64021b8ae460_0 .net "gl_a", 0 0, v0x64021b8abf50_0;  alias, 1 drivers
v0x64021b8ae530_0 .net "gl_b", 0 0, v0x64021b8ac910_0;  alias, 1 drivers
v0x64021b8ae600_0 .net "gl_c", 0 0, v0x64021b8ad2f0_0;  alias, 1 drivers
v0x64021b8ae6d0_0 .net "phase_cmd", 5 0, v0x64021b8b1720_0;  alias, 1 drivers
v0x64021b8ae770_0 .net "pwm_raw", 0 0, L_0x64021b8c83c0;  alias, 1 drivers
v0x64021b8ae810_0 .net "req_ah", 0 0, L_0x64021b8c97d0;  1 drivers
v0x64021b8ae8e0_0 .net "req_al", 0 0, L_0x64021b8c9a10;  1 drivers
v0x64021b8ae9b0_0 .net "req_bh", 0 0, L_0x64021b8c9c20;  1 drivers
v0x64021b8aea80_0 .net "req_bl", 0 0, L_0x64021b8c9e10;  1 drivers
v0x64021b8aeb50_0 .net "req_ch", 0 0, L_0x64021b8ca110;  1 drivers
v0x64021b8aec20_0 .net "req_cl", 0 0, L_0x64021b8ca3d0;  1 drivers
v0x64021b8aecf0_0 .net "reset_n", 0 0, L_0x64021b8b8220;  alias, 1 drivers
v0x64021b8aed90_0 .net "run_enable", 0 0, v0x64021b8aa7e0_0;  alias, 1 drivers
L_0x64021b8c94c0 .reduce/nor v0x64021b884580_0;
L_0x64021b8c9620 .part v0x64021b8b1720_0, 5, 1;
L_0x64021b8c98e0 .part v0x64021b8b1720_0, 4, 1;
L_0x64021b8c9a80 .part v0x64021b8b1720_0, 3, 1;
L_0x64021b8c9d70 .part v0x64021b8b1720_0, 2, 1;
L_0x64021b8c9f20 .part v0x64021b8b1720_0, 1, 1;
L_0x64021b8ca220 .part v0x64021b8b1720_0, 0, 1;
S_0x64021b8ab980 .scope module, "phase_a" "gate_phase" 6 31, 7 5 0, S_0x64021b8ab600;
 .timescale -9 -12;
    .port_info 0 /INPUT 1 "clk";
    .port_info 1 /INPUT 1 "reset_n";
    .port_info 2 /INPUT 1 "request_high";
    .port_info 3 /INPUT 1 "request_low";
    .port_info 4 /OUTPUT 1 "gate_high";
    .port_info 5 /OUTPUT 1 "gate_low";
P_0x64021b8abb60 .param/l "DEAD_TIME_CLKS" 0 7 6, C4<011001>;
v0x64021b8abce0_0 .net "clk", 0 0, v0x64021b8b7300_0;  alias, 1 drivers
v0x64021b8abdd0_0 .var "dead_count", 5 0;
v0x64021b8abeb0_0 .var "gate_high", 0 0;
v0x64021b8abf50_0 .var "gate_low", 0 0;
v0x64021b8ac010_0 .net "request_high", 0 0, L_0x64021b8c97d0;  alias, 1 drivers
v0x64021b8ac120_0 .net "request_low", 0 0, L_0x64021b8c9a10;  alias, 1 drivers
v0x64021b8ac1e0_0 .net "reset_n", 0 0, L_0x64021b8b8220;  alias, 1 drivers
S_0x64021b8ac390 .scope module, "phase_b" "gate_phase" 6 35, 7 5 0, S_0x64021b8ab600;
 .timescale -9 -12;
    .port_info 0 /INPUT 1 "clk";
    .port_info 1 /INPUT 1 "reset_n";
    .port_info 2 /INPUT 1 "request_high";
    .port_info 3 /INPUT 1 "request_low";
    .port_info 4 /OUTPUT 1 "gate_high";
    .port_info 5 /OUTPUT 1 "gate_low";
P_0x64021b8ac590 .param/l "DEAD_TIME_CLKS" 0 7 6, C4<011001>;
v0x64021b8ac6f0_0 .net "clk", 0 0, v0x64021b8b7300_0;  alias, 1 drivers
v0x64021b8ac790_0 .var "dead_count", 5 0;
v0x64021b8ac870_0 .var "gate_high", 0 0;
v0x64021b8ac910_0 .var "gate_low", 0 0;
v0x64021b8ac9d0_0 .net "request_high", 0 0, L_0x64021b8c9c20;  alias, 1 drivers
v0x64021b8acae0_0 .net "request_low", 0 0, L_0x64021b8c9e10;  alias, 1 drivers
v0x64021b8acba0_0 .net "reset_n", 0 0, L_0x64021b8b8220;  alias, 1 drivers
S_0x64021b8acd00 .scope module, "phase_c" "gate_phase" 6 39, 7 5 0, S_0x64021b8ab600;
 .timescale -9 -12;
    .port_info 0 /INPUT 1 "clk";
    .port_info 1 /INPUT 1 "reset_n";
    .port_info 2 /INPUT 1 "request_high";
    .port_info 3 /INPUT 1 "request_low";
    .port_info 4 /OUTPUT 1 "gate_high";
    .port_info 5 /OUTPUT 1 "gate_low";
P_0x64021b8acee0 .param/l "DEAD_TIME_CLKS" 0 7 6, C4<011001>;
v0x64021b8ad040_0 .net "clk", 0 0, v0x64021b8b7300_0;  alias, 1 drivers
v0x64021b8ad170_0 .var "dead_count", 5 0;
v0x64021b8ad250_0 .var "gate_high", 0 0;
v0x64021b8ad2f0_0 .var "gate_low", 0 0;
v0x64021b8ad3b0_0 .net "request_high", 0 0, L_0x64021b8ca110;  alias, 1 drivers
v0x64021b8ad470_0 .net "request_low", 0 0, L_0x64021b8ca3d0;  alias, 1 drivers
v0x64021b8ad530_0 .net "reset_n", 0 0, L_0x64021b8b8220;  alias, 1 drivers
S_0x64021b8aee80 .scope module, "hall" "hall_commutation" 3 49, 8 3 0, S_0x64021b876be0;
 .timescale -9 -12;
    .port_info 0 /INPUT 1 "clk";
    .port_info 1 /INPUT 1 "reset_n";
    .port_info 2 /INPUT 1 "hall_a";
    .port_info 3 /INPUT 1 "hall_b";
    .port_info 4 /INPUT 1 "hall_c";
    .port_info 5 /INPUT 1 "dir";
    .port_info 6 /INPUT 1 "pwm_boundary";
    .port_info 7 /OUTPUT 3 "hall_sync";
    .port_info 8 /OUTPUT 1 "hall_valid";
    .port_info 9 /OUTPUT 3 "hall_active";
    .port_info 10 /OUTPUT 1 "hall_fault";
    .port_info 11 /OUTPUT 6 "phase_cmd";
L_0x64021b876a80 .functor OR 1, L_0x64021b8c8870, L_0x64021b8c8960, C4<0>, C4<0>;
L_0x64021b882460 .functor OR 1, L_0x64021b876a80, L_0x64021b8c8aa0, C4<0>, C4<0>;
L_0x64021b878e40 .functor OR 1, L_0x64021b882460, L_0x64021b8c8c80, C4<0>, C4<0>;
L_0x64021b8353c0 .functor OR 1, L_0x64021b878e40, L_0x64021b8c8e60, C4<0>, C4<0>;
L_0x64021b84c850 .functor OR 1, L_0x64021b8353c0, L_0x64021b8c9020, C4<0>, C4<0>;
v0x64021b8af6f0_0 .net *"_ivl_1", 0 0, L_0x64021b8c84b0;  1 drivers
v0x64021b8af7f0_0 .net *"_ivl_10", 0 0, L_0x64021b8c8870;  1 drivers
L_0x798b9a2b80a8 .functor BUFT 1, C4<101>, C4<0>, C4<0>, C4<0>;
v0x64021b8af8b0_0 .net/2u *"_ivl_12", 2 0, L_0x798b9a2b80a8;  1 drivers
v0x64021b8af9a0_0 .net *"_ivl_14", 0 0, L_0x64021b8c8960;  1 drivers
v0x64021b8afa60_0 .net *"_ivl_17", 0 0, L_0x64021b876a80;  1 drivers
L_0x798b9a2b80f0 .functor BUFT 1, C4<100>, C4<0>, C4<0>, C4<0>;
v0x64021b8afb70_0 .net/2u *"_ivl_18", 2 0, L_0x798b9a2b80f0;  1 drivers
v0x64021b8afc50_0 .net *"_ivl_20", 0 0, L_0x64021b8c8aa0;  1 drivers
v0x64021b8afd10_0 .net *"_ivl_23", 0 0, L_0x64021b882460;  1 drivers
L_0x798b9a2b8138 .functor BUFT 1, C4<110>, C4<0>, C4<0>, C4<0>;
v0x64021b8afdd0_0 .net/2u *"_ivl_24", 2 0, L_0x798b9a2b8138;  1 drivers
v0x64021b8afeb0_0 .net *"_ivl_26", 0 0, L_0x64021b8c8c80;  1 drivers
v0x64021b8aff70_0 .net *"_ivl_29", 0 0, L_0x64021b878e40;  1 drivers
v0x64021b8b0030_0 .net *"_ivl_3", 0 0, L_0x64021b8c8550;  1 drivers
L_0x798b9a2b8180 .functor BUFT 1, C4<010>, C4<0>, C4<0>, C4<0>;
v0x64021b8b0110_0 .net/2u *"_ivl_30", 2 0, L_0x798b9a2b8180;  1 drivers
v0x64021b8b01f0_0 .net *"_ivl_32", 0 0, L_0x64021b8c8e60;  1 drivers
v0x64021b8b02b0_0 .net *"_ivl_35", 0 0, L_0x64021b8353c0;  1 drivers
L_0x798b9a2b81c8 .functor BUFT 1, C4<011>, C4<0>, C4<0>, C4<0>;
v0x64021b8b0370_0 .net/2u *"_ivl_36", 2 0, L_0x798b9a2b81c8;  1 drivers
v0x64021b8b0450_0 .net *"_ivl_38", 0 0, L_0x64021b8c9020;  1 drivers
v0x64021b8b0620_0 .net *"_ivl_5", 0 0, L_0x64021b8c85f0;  1 drivers
L_0x798b9a2b8060 .functor BUFT 1, C4<001>, C4<0>, C4<0>, C4<0>;
v0x64021b8b0700_0 .net/2u *"_ivl_8", 2 0, L_0x798b9a2b8060;  1 drivers
v0x64021b8b07e0_0 .var "bad_hall_observed", 0 0;
v0x64021b8b08a0_0 .net "clk", 0 0, v0x64021b8b7300_0;  alias, 1 drivers
v0x64021b8b0940_0 .net "dir", 0 0, v0x64021b8b73c0_0;  alias, 1 drivers
v0x64021b8b0a00_0 .var "grace_used", 0 0;
v0x64021b8b0ac0_0 .net "hall_a", 0 0, v0x64021b8b7b40_0;  alias, 1 drivers
v0x64021b8b0b80_0 .var "hall_a_pipe", 1 0;
v0x64021b8b0c60_0 .var "hall_active", 2 0;
v0x64021b8b0d40_0 .net "hall_b", 0 0, v0x64021b8b7be0_0;  alias, 1 drivers
v0x64021b8b0e00_0 .var "hall_b_pipe", 1 0;
v0x64021b8b0ee0_0 .net "hall_c", 0 0, v0x64021b8b7cd0_0;  alias, 1 drivers
v0x64021b8b0fa0_0 .var "hall_c_pipe", 1 0;
v0x64021b8b1080_0 .var "hall_fault", 0 0;
v0x64021b8b1120_0 .var "hall_pending", 2 0;
v0x64021b8b11e0_0 .var "hall_previous", 2 0;
v0x64021b8b14d0_0 .net "hall_sync", 2 0, L_0x64021b8c8690;  alias, 1 drivers
v0x64021b8b15b0_0 .net "hall_valid", 0 0, L_0x64021b84c850;  alias, 1 drivers
v0x64021b8b1680_0 .var "pending_valid", 0 0;
v0x64021b8b1720_0 .var "phase_cmd", 5 0;
v0x64021b8b1810_0 .net "pwm_boundary", 0 0, L_0x64021b8c82d0;  alias, 1 drivers
v0x64021b8b18e0_0 .net "reset_n", 0 0, L_0x64021b8b8220;  alias, 1 drivers
E_0x64021b7e8690 .event anyedge, v0x64021b8b0c60_0;
L_0x64021b8c84b0 .part v0x64021b8b0b80_0, 1, 1;
L_0x64021b8c8550 .part v0x64021b8b0e00_0, 1, 1;
L_0x64021b8c85f0 .part v0x64021b8b0fa0_0, 1, 1;
L_0x64021b8c8690 .concat [ 1 1 1 0], L_0x64021b8c85f0, L_0x64021b8c8550, L_0x64021b8c84b0;
L_0x64021b8c8870 .cmp/eq 3, L_0x64021b8c8690, L_0x798b9a2b8060;
L_0x64021b8c8960 .cmp/eq 3, L_0x64021b8c8690, L_0x798b9a2b80a8;
L_0x64021b8c8aa0 .cmp/eq 3, L_0x64021b8c8690, L_0x798b9a2b80f0;
L_0x64021b8c8c80 .cmp/eq 3, L_0x64021b8c8690, L_0x798b9a2b8138;
L_0x64021b8c8e60 .cmp/eq 3, L_0x64021b8c8690, L_0x798b9a2b8180;
L_0x64021b8c9020 .cmp/eq 3, L_0x64021b8c8690, L_0x798b9a2b81c8;
S_0x64021b8af180 .scope function.vec4.s1, "valid_transition" "valid_transition" 8 31, 8 31 0, S_0x64021b8aee80;
 .timescale -9 -12;
v0x64021b8af380_0 .var "direction", 0 0;
v0x64021b8af460_0 .var "from_hall", 2 0;
v0x64021b8af540_0 .var "to_hall", 2 0;
; Variable valid_transition is vec4 return value of scope S_0x64021b8af180
TD_jagdis_top_smoke_tb.dut.hall.valid_transition ;
    %pushi/vec4 0, 0, 1;
    %ret/vec4 0, 0, 1;  Assign to valid_transition (store_vec4_to_lval)
    %load/vec4 v0x64021b8af380_0;
    %nor/r;
    %flag_set/vec4 8;
    %jmp/0xz  T_0.0, 8;
    %load/vec4 v0x64021b8af460_0;
    %dup/vec4;
    %pushi/vec4 1, 0, 3;
    %cmp/u;
    %jmp/1 T_0.2, 6;
    %dup/vec4;
    %pushi/vec4 5, 0, 3;
    %cmp/u;
    %jmp/1 T_0.3, 6;
    %dup/vec4;
    %pushi/vec4 4, 0, 3;
    %cmp/u;
    %jmp/1 T_0.4, 6;
    %dup/vec4;
    %pushi/vec4 6, 0, 3;
    %cmp/u;
    %jmp/1 T_0.5, 6;
    %dup/vec4;
    %pushi/vec4 2, 0, 3;
    %cmp/u;
    %jmp/1 T_0.6, 6;
    %dup/vec4;
    %pushi/vec4 3, 0, 3;
    %cmp/u;
    %jmp/1 T_0.7, 6;
    %pushi/vec4 0, 0, 1;
    %ret/vec4 0, 0, 1;  Assign to valid_transition (store_vec4_to_lval)
    %jmp T_0.9;
T_0.2 ;
    %load/vec4 v0x64021b8af540_0;
    %pushi/vec4 5, 0, 3;
    %cmp/e;
    %flag_get/vec4 4;
    %ret/vec4 0, 0, 1;  Assign to valid_transition (store_vec4_to_lval)
    %jmp T_0.9;
T_0.3 ;
    %load/vec4 v0x64021b8af540_0;
    %pushi/vec4 4, 0, 3;
    %cmp/e;
    %flag_get/vec4 4;
    %ret/vec4 0, 0, 1;  Assign to valid_transition (store_vec4_to_lval)
    %jmp T_0.9;
T_0.4 ;
    %load/vec4 v0x64021b8af540_0;
    %pushi/vec4 6, 0, 3;
    %cmp/e;
    %flag_get/vec4 4;
    %ret/vec4 0, 0, 1;  Assign to valid_transition (store_vec4_to_lval)
    %jmp T_0.9;
T_0.5 ;
    %load/vec4 v0x64021b8af540_0;
    %pushi/vec4 2, 0, 3;
    %cmp/e;
    %flag_get/vec4 4;
    %ret/vec4 0, 0, 1;  Assign to valid_transition (store_vec4_to_lval)
    %jmp T_0.9;
T_0.6 ;
    %load/vec4 v0x64021b8af540_0;
    %pushi/vec4 3, 0, 3;
    %cmp/e;
    %flag_get/vec4 4;
    %ret/vec4 0, 0, 1;  Assign to valid_transition (store_vec4_to_lval)
    %jmp T_0.9;
T_0.7 ;
    %load/vec4 v0x64021b8af540_0;
    %pushi/vec4 1, 0, 3;
    %cmp/e;
    %flag_get/vec4 4;
    %ret/vec4 0, 0, 1;  Assign to valid_transition (store_vec4_to_lval)
    %jmp T_0.9;
T_0.9 ;
    %pop/vec4 1;
    %jmp T_0.1;
T_0.0 ;
    %load/vec4 v0x64021b8af460_0;
    %dup/vec4;
    %pushi/vec4 1, 0, 3;
    %cmp/u;
    %jmp/1 T_0.10, 6;
    %dup/vec4;
    %pushi/vec4 3, 0, 3;
    %cmp/u;
    %jmp/1 T_0.11, 6;
    %dup/vec4;
    %pushi/vec4 2, 0, 3;
    %cmp/u;
    %jmp/1 T_0.12, 6;
    %dup/vec4;
    %pushi/vec4 6, 0, 3;
    %cmp/u;
    %jmp/1 T_0.13, 6;
    %dup/vec4;
    %pushi/vec4 4, 0, 3;
    %cmp/u;
    %jmp/1 T_0.14, 6;
    %dup/vec4;
    %pushi/vec4 5, 0, 3;
    %cmp/u;
    %jmp/1 T_0.15, 6;
    %pushi/vec4 0, 0, 1;
    %ret/vec4 0, 0, 1;  Assign to valid_transition (store_vec4_to_lval)
    %jmp T_0.17;
T_0.10 ;
    %load/vec4 v0x64021b8af540_0;
    %pushi/vec4 3, 0, 3;
    %cmp/e;
    %flag_get/vec4 4;
    %ret/vec4 0, 0, 1;  Assign to valid_transition (store_vec4_to_lval)
    %jmp T_0.17;
T_0.11 ;
    %load/vec4 v0x64021b8af540_0;
    %pushi/vec4 2, 0, 3;
    %cmp/e;
    %flag_get/vec4 4;
    %ret/vec4 0, 0, 1;  Assign to valid_transition (store_vec4_to_lval)
    %jmp T_0.17;
T_0.12 ;
    %load/vec4 v0x64021b8af540_0;
    %pushi/vec4 6, 0, 3;
    %cmp/e;
    %flag_get/vec4 4;
    %ret/vec4 0, 0, 1;  Assign to valid_transition (store_vec4_to_lval)
    %jmp T_0.17;
T_0.13 ;
    %load/vec4 v0x64021b8af540_0;
    %pushi/vec4 4, 0, 3;
    %cmp/e;
    %flag_get/vec4 4;
    %ret/vec4 0, 0, 1;  Assign to valid_transition (store_vec4_to_lval)
    %jmp T_0.17;
T_0.14 ;
    %load/vec4 v0x64021b8af540_0;
    %pushi/vec4 5, 0, 3;
    %cmp/e;
    %flag_get/vec4 4;
    %ret/vec4 0, 0, 1;  Assign to valid_transition (store_vec4_to_lval)
    %jmp T_0.17;
T_0.15 ;
    %load/vec4 v0x64021b8af540_0;
    %pushi/vec4 1, 0, 3;
    %cmp/e;
    %flag_get/vec4 4;
    %ret/vec4 0, 0, 1;  Assign to valid_transition (store_vec4_to_lval)
    %jmp T_0.17;
T_0.17 ;
    %pop/vec4 1;
T_0.1 ;
    %end;
S_0x64021b8b1ac0 .scope module, "pwm" "pwm_generator" 3 43, 9 3 0, S_0x64021b876be0;
 .timescale -9 -12;
    .port_info 0 /INPUT 1 "clk";
    .port_info 1 /INPUT 1 "reset_n";
    .port_info 2 /INPUT 10 "duty";
    .port_info 3 /OUTPUT 11 "pwm_counter";
    .port_info 4 /OUTPUT 10 "duty_shadow";
    .port_info 5 /OUTPUT 10 "duty_active";
    .port_info 6 /OUTPUT 11 "compare_value";
    .port_info 7 /OUTPUT 1 "pwm_raw";
    .port_info 8 /OUTPUT 1 "pwm_boundary";
P_0x64021b8ade60 .param/l "PWM_LAST_COUNT" 1 9 18, C4<10011100001>;
P_0x64021b8adea0 .param/l "PWM_PERIOD_CLKS" 0 9 4, C4<10011100010>;
L_0x798b9a2b8018 .functor BUFT 1, C4<10011100001>, C4<0>, C4<0>, C4<0>;
v0x64021b8b1ef0_0 .net/2u *"_ivl_0", 10 0, L_0x798b9a2b8018;  1 drivers
v0x64021b8b1ff0_0 .net "clk", 0 0, v0x64021b8b7300_0;  alias, 1 drivers
v0x64021b8b20b0_0 .var "compare_quotient", 21 0;
v0x64021b8b2150_0 .var "compare_value", 10 0;
v0x64021b8b2230_0 .net "duty", 9 0, v0x64021b8b74b0_0;  alias, 1 drivers
v0x64021b8b2360_0 .var "duty_active", 9 0;
v0x64021b8b2440_0 .var "duty_product", 21 0;
v0x64021b8b2520_0 .var "duty_shadow", 9 0;
v0x64021b8b2600_0 .net "pwm_boundary", 0 0, L_0x64021b8c82d0;  alias, 1 drivers
v0x64021b8b2730_0 .var "pwm_counter", 10 0;
v0x64021b8b2810_0 .net "pwm_raw", 0 0, L_0x64021b8c83c0;  alias, 1 drivers
v0x64021b8b28b0_0 .net "reset_n", 0 0, L_0x64021b8b8220;  alias, 1 drivers
E_0x64021b82ba30 .event anyedge, v0x64021b8b2360_0, v0x64021b8b2440_0, v0x64021b8b20b0_0;
L_0x64021b8c82d0 .cmp/eq 11, v0x64021b8b2730_0, L_0x798b9a2b8018;
L_0x64021b8c83c0 .cmp/gt 11, v0x64021b8b2150_0, v0x64021b8b2730_0;
S_0x64021b8b2aa0 .scope module, "reset_conditioner" "reset_sync" 3 41, 10 5 0, S_0x64021b876be0;
 .timescale -9 -12;
    .port_info 0 /INPUT 1 "clk";
    .port_info 1 /INPUT 1 "reset_n";
    .port_info 2 /OUTPUT 1 "reset_n_sync";
v0x64021b8b2ce0_0 .net "clk", 0 0, v0x64021b8b7300_0;  alias, 1 drivers
v0x64021b8b2da0_0 .var "release_pipe", 1 0;
v0x64021b8b2e80_0 .net "reset_n", 0 0, v0x64021b8b7fa0_0;  alias, 1 drivers
v0x64021b8b2f20_0 .net "reset_n_sync", 0 0, L_0x64021b8b8220;  alias, 1 drivers
E_0x64021b82d310/0 .event negedge, v0x64021b8b2e80_0;
E_0x64021b82d310/1 .event posedge, v0x64021b884680_0;
E_0x64021b82d310 .event/or E_0x64021b82d310/0, E_0x64021b82d310/1;
L_0x64021b8b8220 .part v0x64021b8b2da0_0, 1, 1;
    .scope S_0x64021b8b2aa0;
T_1 ;
    %wait E_0x64021b82d310;
    %load/vec4 v0x64021b8b2e80_0;
    %nor/r;
    %flag_set/vec4 8;
    %jmp/0xz  T_1.0, 8;
    %pushi/vec4 0, 0, 2;
    %assign/vec4 v0x64021b8b2da0_0, 0;
    %jmp T_1.1;
T_1.0 ;
    %load/vec4 v0x64021b8b2da0_0;
    %parti/s 1, 0, 2;
    %concati/vec4 1, 0, 1;
    %assign/vec4 v0x64021b8b2da0_0, 0;
T_1.1 ;
    %jmp T_1;
    .thread T_1;
    .scope S_0x64021b8b1ac0;
T_2 ;
    %wait E_0x64021b82ba30;
    %load/vec4 v0x64021b8b2360_0;
    %pad/u 22;
    %muli 1250, 0, 22;
    %store/vec4 v0x64021b8b2440_0, 0, 22;
    %load/vec4 v0x64021b8b2440_0;
    %pad/u 32;
    %pushi/vec4 1023, 0, 32;
    %div;
    %pad/u 22;
    %store/vec4 v0x64021b8b20b0_0, 0, 22;
    %load/vec4 v0x64021b8b20b0_0;
    %parti/s 11, 0, 2;
    %store/vec4 v0x64021b8b2150_0, 0, 11;
    %jmp T_2;
    .thread T_2, $push;
    .scope S_0x64021b8b1ac0;
T_3 ;
    %wait E_0x64021b82a9b0;
    %load/vec4 v0x64021b8b28b0_0;
    %nor/r;
    %flag_set/vec4 8;
    %jmp/0xz  T_3.0, 8;
    %pushi/vec4 0, 0, 11;
    %assign/vec4 v0x64021b8b2730_0, 0;
    %pushi/vec4 0, 0, 10;
    %assign/vec4 v0x64021b8b2520_0, 0;
    %pushi/vec4 0, 0, 10;
    %assign/vec4 v0x64021b8b2360_0, 0;
    %jmp T_3.1;
T_3.0 ;
    %load/vec4 v0x64021b8b2230_0;
    %assign/vec4 v0x64021b8b2520_0, 0;
    %load/vec4 v0x64021b8b2600_0;
    %flag_set/vec4 8;
    %jmp/0xz  T_3.2, 8;
    %pushi/vec4 0, 0, 11;
    %assign/vec4 v0x64021b8b2730_0, 0;
    %load/vec4 v0x64021b8b2520_0;
    %assign/vec4 v0x64021b8b2360_0, 0;
    %jmp T_3.3;
T_3.2 ;
    %load/vec4 v0x64021b8b2730_0;
    %addi 1, 0, 11;
    %assign/vec4 v0x64021b8b2730_0, 0;
T_3.3 ;
T_3.1 ;
    %jmp T_3;
    .thread T_3;
    .scope S_0x64021b8aee80;
T_4 ;
    %wait E_0x64021b82a9b0;
    %load/vec4 v0x64021b8b18e0_0;
    %nor/r;
    %flag_set/vec4 8;
    %jmp/0xz  T_4.0, 8;
    %pushi/vec4 0, 0, 2;
    %assign/vec4 v0x64021b8b0b80_0, 0;
    %pushi/vec4 0, 0, 2;
    %assign/vec4 v0x64021b8b0e00_0, 0;
    %pushi/vec4 0, 0, 2;
    %assign/vec4 v0x64021b8b0fa0_0, 0;
    %jmp T_4.1;
T_4.0 ;
    %load/vec4 v0x64021b8b0b80_0;
    %parti/s 1, 0, 2;
    %load/vec4 v0x64021b8b0ac0_0;
    %concat/vec4; draw_concat_vec4
    %assign/vec4 v0x64021b8b0b80_0, 0;
    %load/vec4 v0x64021b8b0e00_0;
    %parti/s 1, 0, 2;
    %load/vec4 v0x64021b8b0d40_0;
    %concat/vec4; draw_concat_vec4
    %assign/vec4 v0x64021b8b0e00_0, 0;
    %load/vec4 v0x64021b8b0fa0_0;
    %parti/s 1, 0, 2;
    %load/vec4 v0x64021b8b0ee0_0;
    %concat/vec4; draw_concat_vec4
    %assign/vec4 v0x64021b8b0fa0_0, 0;
T_4.1 ;
    %jmp T_4;
    .thread T_4;
    .scope S_0x64021b8aee80;
T_5 ;
    %wait E_0x64021b82a9b0;
    %load/vec4 v0x64021b8b18e0_0;
    %nor/r;
    %flag_set/vec4 8;
    %jmp/0xz  T_5.0, 8;
    %pushi/vec4 0, 0, 3;
    %assign/vec4 v0x64021b8b11e0_0, 0;
    %pushi/vec4 0, 0, 3;
    %assign/vec4 v0x64021b8b1120_0, 0;
    %pushi/vec4 0, 0, 3;
    %assign/vec4 v0x64021b8b0c60_0, 0;
    %pushi/vec4 0, 0, 1;
    %assign/vec4 v0x64021b8b1680_0, 0;
    %pushi/vec4 0, 0, 1;
    %assign/vec4 v0x64021b8b07e0_0, 0;
    %pushi/vec4 0, 0, 1;
    %assign/vec4 v0x64021b8b0a00_0, 0;
    %pushi/vec4 0, 0, 1;
    %assign/vec4 v0x64021b8b1080_0, 0;
    %jmp T_5.1;
T_5.0 ;
    %load/vec4 v0x64021b8b15b0_0;
    %nor/r;
    %flag_set/vec4 8;
    %jmp/0xz  T_5.2, 8;
    %pushi/vec4 1, 0, 1;
    %assign/vec4 v0x64021b8b07e0_0, 0;
T_5.2 ;
    %load/vec4 v0x64021b8b14d0_0;
    %load/vec4 v0x64021b8b11e0_0;
    %cmp/ne;
    %jmp/0xz  T_5.4, 4;
    %load/vec4 v0x64021b8b14d0_0;
    %assign/vec4 v0x64021b8b11e0_0, 0;
    %load/vec4 v0x64021b8b15b0_0;
    %flag_set/vec4 8;
    %jmp/0xz  T_5.6, 8;
    %load/vec4 v0x64021b8b0c60_0;
    %cmpi/e 0, 0, 3;
    %jmp/1 T_5.10, 4;
    %flag_mov 8, 4;
    %load/vec4 v0x64021b8b0c60_0;
    %load/vec4 v0x64021b8b14d0_0;
    %load/vec4 v0x64021b8b0940_0;
    %store/vec4 v0x64021b8af380_0, 0, 1;
    %store/vec4 v0x64021b8af540_0, 0, 3;
    %store/vec4 v0x64021b8af460_0, 0, 3;
    %callf/vec4 TD_jagdis_top_smoke_tb.dut.hall.valid_transition, S_0x64021b8af180;
    %flag_set/vec4 9;
    %flag_or 9, 8;
    %flag_mov 4, 9;
T_5.10;
    %jmp/0xz  T_5.8, 4;
    %load/vec4 v0x64021b8b14d0_0;
    %assign/vec4 v0x64021b8b1120_0, 0;
    %pushi/vec4 1, 0, 1;
    %assign/vec4 v0x64021b8b1680_0, 0;
    %jmp T_5.9;
T_5.8 ;
    %pushi/vec4 1, 0, 1;
    %assign/vec4 v0x64021b8b07e0_0, 0;
T_5.9 ;
T_5.6 ;
T_5.4 ;
    %load/vec4 v0x64021b8b1810_0;
    %flag_set/vec4 8;
    %jmp/0xz  T_5.11, 8;
    %load/vec4 v0x64021b8b1680_0;
    %flag_set/vec4 8;
    %jmp/0xz  T_5.13, 8;
    %load/vec4 v0x64021b8b1120_0;
    %assign/vec4 v0x64021b8b0c60_0, 0;
    %pushi/vec4 0, 0, 1;
    %assign/vec4 v0x64021b8b1680_0, 0;
T_5.13 ;
    %load/vec4 v0x64021b8b07e0_0;
    %flag_set/vec4 8;
    %jmp/0xz  T_5.15, 8;
    %load/vec4 v0x64021b8b0a00_0;
    %flag_set/vec4 8;
    %jmp/0xz  T_5.17, 8;
    %pushi/vec4 1, 0, 1;
    %assign/vec4 v0x64021b8b1080_0, 0;
    %jmp T_5.18;
T_5.17 ;
    %pushi/vec4 1, 0, 1;
    %assign/vec4 v0x64021b8b0a00_0, 0;
T_5.18 ;
    %jmp T_5.16;
T_5.15 ;
    %pushi/vec4 0, 0, 1;
    %assign/vec4 v0x64021b8b0a00_0, 0;
T_5.16 ;
    %pushi/vec4 0, 0, 1;
    %assign/vec4 v0x64021b8b07e0_0, 0;
T_5.11 ;
T_5.1 ;
    %jmp T_5;
    .thread T_5;
    .scope S_0x64021b8aee80;
T_6 ;
    %wait E_0x64021b7e8690;
    %load/vec4 v0x64021b8b0c60_0;
    %dup/vec4;
    %pushi/vec4 1, 0, 3;
    %cmp/u;
    %jmp/1 T_6.0, 6;
    %dup/vec4;
    %pushi/vec4 5, 0, 3;
    %cmp/u;
    %jmp/1 T_6.1, 6;
    %dup/vec4;
    %pushi/vec4 4, 0, 3;
    %cmp/u;
    %jmp/1 T_6.2, 6;
    %dup/vec4;
    %pushi/vec4 6, 0, 3;
    %cmp/u;
    %jmp/1 T_6.3, 6;
    %dup/vec4;
    %pushi/vec4 2, 0, 3;
    %cmp/u;
    %jmp/1 T_6.4, 6;
    %dup/vec4;
    %pushi/vec4 3, 0, 3;
    %cmp/u;
    %jmp/1 T_6.5, 6;
    %pushi/vec4 0, 0, 6;
    %store/vec4 v0x64021b8b1720_0, 0, 6;
    %jmp T_6.7;
T_6.0 ;
    %pushi/vec4 36, 0, 6;
    %store/vec4 v0x64021b8b1720_0, 0, 6;
    %jmp T_6.7;
T_6.1 ;
    %pushi/vec4 33, 0, 6;
    %store/vec4 v0x64021b8b1720_0, 0, 6;
    %jmp T_6.7;
T_6.2 ;
    %pushi/vec4 9, 0, 6;
    %store/vec4 v0x64021b8b1720_0, 0, 6;
    %jmp T_6.7;
T_6.3 ;
    %pushi/vec4 24, 0, 6;
    %store/vec4 v0x64021b8b1720_0, 0, 6;
    %jmp T_6.7;
T_6.4 ;
    %pushi/vec4 18, 0, 6;
    %store/vec4 v0x64021b8b1720_0, 0, 6;
    %jmp T_6.7;
T_6.5 ;
    %pushi/vec4 6, 0, 6;
    %store/vec4 v0x64021b8b1720_0, 0, 6;
    %jmp T_6.7;
T_6.7 ;
    %pop/vec4 1;
    %jmp T_6;
    .thread T_6, $push;
    .scope S_0x64021b8aab40;
T_7 ;
    %wait E_0x64021b82a9b0;
    %load/vec4 v0x64021b8ab3e0_0;
    %nor/r;
    %flag_set/vec4 8;
    %jmp/0xz  T_7.0, 8;
    %pushi/vec4 0, 0, 1;
    %assign/vec4 v0x64021b8ab110_0, 0;
    %jmp T_7.1;
T_7.0 ;
    %load/vec4 v0x64021b8ab070_0;
    %flag_set/vec4 8;
    %jmp/0xz  T_7.2, 8;
    %pushi/vec4 1, 0, 1;
    %assign/vec4 v0x64021b8ab110_0, 0;
T_7.2 ;
T_7.1 ;
    %jmp T_7;
    .thread T_7;
    .scope S_0x64021b892690;
T_8 ;
    %wait E_0x64021b82c040;
    %load/vec4 v0x64021b8aa8a0_0;
    %store/vec4 v0x64021b8aa4c0_0, 0, 3;
    %load/vec4 v0x64021b882700_0;
    %flag_set/vec4 8;
    %jmp/1 T_8.2, 8;
    %load/vec4 v0x64021b878fa0_0;
    %flag_set/vec4 9;
    %flag_or 8, 9;
T_8.2;
    %jmp/0xz  T_8.0, 8;
    %pushi/vec4 4, 0, 3;
    %store/vec4 v0x64021b8aa4c0_0, 0, 3;
    %jmp T_8.1;
T_8.0 ;
    %load/vec4 v0x64021b8aa8a0_0;
    %dup/vec4;
    %pushi/vec4 0, 0, 3;
    %cmp/u;
    %jmp/1 T_8.3, 6;
    %dup/vec4;
    %pushi/vec4 1, 0, 3;
    %cmp/u;
    %jmp/1 T_8.4, 6;
    %dup/vec4;
    %pushi/vec4 2, 0, 3;
    %cmp/u;
    %jmp/1 T_8.5, 6;
    %dup/vec4;
    %pushi/vec4 3, 0, 3;
    %cmp/u;
    %jmp/1 T_8.6, 6;
    %dup/vec4;
    %pushi/vec4 4, 0, 3;
    %cmp/u;
    %jmp/1 T_8.7, 6;
    %pushi/vec4 0, 0, 3;
    %store/vec4 v0x64021b8aa4c0_0, 0, 3;
    %jmp T_8.9;
T_8.3 ;
    %load/vec4 v0x64021b882600_0;
    %flag_set/vec4 8;
    %jmp/0xz  T_8.10, 8;
    %pushi/vec4 1, 0, 3;
    %store/vec4 v0x64021b8aa4c0_0, 0, 3;
T_8.10 ;
    %jmp T_8.9;
T_8.4 ;
    %load/vec4 v0x64021b882600_0;
    %nor/r;
    %flag_set/vec4 8;
    %jmp/0xz  T_8.12, 8;
    %pushi/vec4 0, 0, 3;
    %store/vec4 v0x64021b8aa4c0_0, 0, 3;
    %jmp T_8.13;
T_8.12 ;
    %load/vec4 v0x64021b8865a0_0;
    %flag_set/vec4 8;
    %jmp/0xz  T_8.14, 8;
    %pushi/vec4 3, 0, 3;
    %store/vec4 v0x64021b8aa4c0_0, 0, 3;
    %jmp T_8.15;
T_8.14 ;
    %load/vec4 v0x64021b8790a0_0;
    %flag_set/vec4 9;
    %flag_get/vec4 9;
    %jmp/0 T_8.18, 9;
    %load/vec4 v0x64021b8aa5a0_0;
    %and;
T_8.18;
    %flag_set/vec4 8;
    %jmp/0xz  T_8.16, 8;
    %pushi/vec4 2, 0, 3;
    %store/vec4 v0x64021b8aa4c0_0, 0, 3;
T_8.16 ;
T_8.15 ;
T_8.13 ;
    %jmp T_8.9;
T_8.5 ;
    %load/vec4 v0x64021b882600_0;
    %nor/r;
    %flag_set/vec4 8;
    %jmp/0xz  T_8.19, 8;
    %pushi/vec4 0, 0, 3;
    %store/vec4 v0x64021b8aa4c0_0, 0, 3;
    %jmp T_8.20;
T_8.19 ;
    %load/vec4 v0x64021b8865a0_0;
    %flag_set/vec4 8;
    %jmp/0xz  T_8.21, 8;
    %pushi/vec4 3, 0, 3;
    %store/vec4 v0x64021b8aa4c0_0, 0, 3;
T_8.21 ;
T_8.20 ;
    %jmp T_8.9;
T_8.6 ;
    %load/vec4 v0x64021b8865a0_0;
    %nor/r;
    %flag_set/vec4 8;
    %jmp/0xz  T_8.23, 8;
    %load/vec4 v0x64021b882600_0;
    %flag_set/vec4 8;
    %jmp/0xz  T_8.25, 8;
    %pushi/vec4 1, 0, 3;
    %store/vec4 v0x64021b8aa4c0_0, 0, 3;
    %jmp T_8.26;
T_8.25 ;
    %pushi/vec4 0, 0, 3;
    %store/vec4 v0x64021b8aa4c0_0, 0, 3;
T_8.26 ;
T_8.23 ;
    %jmp T_8.9;
T_8.7 ;
    %pushi/vec4 4, 0, 3;
    %store/vec4 v0x64021b8aa4c0_0, 0, 3;
    %jmp T_8.9;
T_8.9 ;
    %pop/vec4 1;
T_8.1 ;
    %jmp T_8;
    .thread T_8, $push;
    .scope S_0x64021b892690;
T_9 ;
    %wait E_0x64021b82a9b0;
    %load/vec4 v0x64021b8aa660_0;
    %nor/r;
    %flag_set/vec4 8;
    %jmp/0xz  T_9.0, 8;
    %pushi/vec4 0, 0, 3;
    %assign/vec4 v0x64021b8aa8a0_0, 0;
    %jmp T_9.1;
T_9.0 ;
    %load/vec4 v0x64021b8aa4c0_0;
    %assign/vec4 v0x64021b8aa8a0_0, 0;
T_9.1 ;
    %jmp T_9;
    .thread T_9;
    .scope S_0x64021b892690;
T_10 ;
    %wait E_0x64021b82b2d0;
    %load/vec4 v0x64021b8aa8a0_0;
    %cmpi/e 2, 0, 3;
    %flag_get/vec4 4;
    %jmp/0 T_10.0, 4;
    %load/vec4 v0x64021b878fa0_0;
    %nor/r;
    %and;
T_10.0;
    %store/vec4 v0x64021b8aa7e0_0, 0, 1;
    %load/vec4 v0x64021b8aa8a0_0;
    %pushi/vec4 3, 0, 3;
    %cmp/e;
    %flag_get/vec4 4;
    %store/vec4 v0x64021b884580_0, 0, 1;
    %load/vec4 v0x64021b8aa7e0_0;
    %store/vec4 v0x64021b8aa720_0, 0, 1;
    %jmp T_10;
    .thread T_10, $push;
    .scope S_0x64021b8ab980;
T_11 ;
    %wait E_0x64021b82a9b0;
    %load/vec4 v0x64021b8ac1e0_0;
    %nor/r;
    %flag_set/vec4 8;
    %jmp/0xz  T_11.0, 8;
    %pushi/vec4 0, 0, 1;
    %assign/vec4 v0x64021b8abeb0_0, 0;
    %pushi/vec4 0, 0, 1;
    %assign/vec4 v0x64021b8abf50_0, 0;
    %pushi/vec4 0, 0, 6;
    %assign/vec4 v0x64021b8abdd0_0, 0;
    %jmp T_11.1;
T_11.0 ;
    %load/vec4 v0x64021b8abdd0_0;
    %cmpi/ne 0, 0, 6;
    %jmp/0xz  T_11.2, 4;
    %pushi/vec4 0, 0, 1;
    %assign/vec4 v0x64021b8abeb0_0, 0;
    %pushi/vec4 0, 0, 1;
    %assign/vec4 v0x64021b8abf50_0, 0;
    %load/vec4 v0x64021b8abdd0_0;
    %cmpi/e 1, 0, 6;
    %jmp/0xz  T_11.4, 4;
    %pushi/vec4 0, 0, 6;
    %assign/vec4 v0x64021b8abdd0_0, 0;
    %load/vec4 v0x64021b8ac010_0;
    %load/vec4 v0x64021b8ac120_0;
    %inv;
    %and;
    %assign/vec4 v0x64021b8abeb0_0, 0;
    %load/vec4 v0x64021b8ac120_0;
    %load/vec4 v0x64021b8ac010_0;
    %inv;
    %and;
    %assign/vec4 v0x64021b8abf50_0, 0;
    %jmp T_11.5;
T_11.4 ;
    %load/vec4 v0x64021b8abdd0_0;
    %subi 1, 0, 6;
    %assign/vec4 v0x64021b8abdd0_0, 0;
T_11.5 ;
    %jmp T_11.3;
T_11.2 ;
    %load/vec4 v0x64021b8abeb0_0;
    %flag_set/vec4 9;
    %flag_get/vec4 9;
    %jmp/0 T_11.9, 9;
    %load/vec4 v0x64021b8ac120_0;
    %and;
T_11.9;
    %flag_set/vec4 8;
    %jmp/1 T_11.8, 8;
    %load/vec4 v0x64021b8abf50_0;
    %flag_set/vec4 10;
    %flag_get/vec4 10;
    %jmp/0 T_11.10, 10;
    %load/vec4 v0x64021b8ac010_0;
    %and;
T_11.10;
    %flag_set/vec4 9;
    %flag_or 8, 9;
T_11.8;
    %jmp/0xz  T_11.6, 8;
    %pushi/vec4 0, 0, 1;
    %assign/vec4 v0x64021b8abeb0_0, 0;
    %pushi/vec4 0, 0, 1;
    %assign/vec4 v0x64021b8abf50_0, 0;
    %pushi/vec4 25, 0, 6;
    %assign/vec4 v0x64021b8abdd0_0, 0;
    %jmp T_11.7;
T_11.6 ;
    %load/vec4 v0x64021b8ac010_0;
    %load/vec4 v0x64021b8ac120_0;
    %inv;
    %and;
    %assign/vec4 v0x64021b8abeb0_0, 0;
    %load/vec4 v0x64021b8ac120_0;
    %load/vec4 v0x64021b8ac010_0;
    %inv;
    %and;
    %assign/vec4 v0x64021b8abf50_0, 0;
T_11.7 ;
T_11.3 ;
T_11.1 ;
    %jmp T_11;
    .thread T_11;
    .scope S_0x64021b8ac390;
T_12 ;
    %wait E_0x64021b82a9b0;
    %load/vec4 v0x64021b8acba0_0;
    %nor/r;
    %flag_set/vec4 8;
    %jmp/0xz  T_12.0, 8;
    %pushi/vec4 0, 0, 1;
    %assign/vec4 v0x64021b8ac870_0, 0;
    %pushi/vec4 0, 0, 1;
    %assign/vec4 v0x64021b8ac910_0, 0;
    %pushi/vec4 0, 0, 6;
    %assign/vec4 v0x64021b8ac790_0, 0;
    %jmp T_12.1;
T_12.0 ;
    %load/vec4 v0x64021b8ac790_0;
    %cmpi/ne 0, 0, 6;
    %jmp/0xz  T_12.2, 4;
    %pushi/vec4 0, 0, 1;
    %assign/vec4 v0x64021b8ac870_0, 0;
    %pushi/vec4 0, 0, 1;
    %assign/vec4 v0x64021b8ac910_0, 0;
    %load/vec4 v0x64021b8ac790_0;
    %cmpi/e 1, 0, 6;
    %jmp/0xz  T_12.4, 4;
    %pushi/vec4 0, 0, 6;
    %assign/vec4 v0x64021b8ac790_0, 0;
    %load/vec4 v0x64021b8ac9d0_0;
    %load/vec4 v0x64021b8acae0_0;
    %inv;
    %and;
    %assign/vec4 v0x64021b8ac870_0, 0;
    %load/vec4 v0x64021b8acae0_0;
    %load/vec4 v0x64021b8ac9d0_0;
    %inv;
    %and;
    %assign/vec4 v0x64021b8ac910_0, 0;
    %jmp T_12.5;
T_12.4 ;
    %load/vec4 v0x64021b8ac790_0;
    %subi 1, 0, 6;
    %assign/vec4 v0x64021b8ac790_0, 0;
T_12.5 ;
    %jmp T_12.3;
T_12.2 ;
    %load/vec4 v0x64021b8ac870_0;
    %flag_set/vec4 9;
    %flag_get/vec4 9;
    %jmp/0 T_12.9, 9;
    %load/vec4 v0x64021b8acae0_0;
    %and;
T_12.9;
    %flag_set/vec4 8;
    %jmp/1 T_12.8, 8;
    %load/vec4 v0x64021b8ac910_0;
    %flag_set/vec4 10;
    %flag_get/vec4 10;
    %jmp/0 T_12.10, 10;
    %load/vec4 v0x64021b8ac9d0_0;
    %and;
T_12.10;
    %flag_set/vec4 9;
    %flag_or 8, 9;
T_12.8;
    %jmp/0xz  T_12.6, 8;
    %pushi/vec4 0, 0, 1;
    %assign/vec4 v0x64021b8ac870_0, 0;
    %pushi/vec4 0, 0, 1;
    %assign/vec4 v0x64021b8ac910_0, 0;
    %pushi/vec4 25, 0, 6;
    %assign/vec4 v0x64021b8ac790_0, 0;
    %jmp T_12.7;
T_12.6 ;
    %load/vec4 v0x64021b8ac9d0_0;
    %load/vec4 v0x64021b8acae0_0;
    %inv;
    %and;
    %assign/vec4 v0x64021b8ac870_0, 0;
    %load/vec4 v0x64021b8acae0_0;
    %load/vec4 v0x64021b8ac9d0_0;
    %inv;
    %and;
    %assign/vec4 v0x64021b8ac910_0, 0;
T_12.7 ;
T_12.3 ;
T_12.1 ;
    %jmp T_12;
    .thread T_12;
    .scope S_0x64021b8acd00;
T_13 ;
    %wait E_0x64021b82a9b0;
    %load/vec4 v0x64021b8ad530_0;
    %nor/r;
    %flag_set/vec4 8;
    %jmp/0xz  T_13.0, 8;
    %pushi/vec4 0, 0, 1;
    %assign/vec4 v0x64021b8ad250_0, 0;
    %pushi/vec4 0, 0, 1;
    %assign/vec4 v0x64021b8ad2f0_0, 0;
    %pushi/vec4 0, 0, 6;
    %assign/vec4 v0x64021b8ad170_0, 0;
    %jmp T_13.1;
T_13.0 ;
    %load/vec4 v0x64021b8ad170_0;
    %cmpi/ne 0, 0, 6;
    %jmp/0xz  T_13.2, 4;
    %pushi/vec4 0, 0, 1;
    %assign/vec4 v0x64021b8ad250_0, 0;
    %pushi/vec4 0, 0, 1;
    %assign/vec4 v0x64021b8ad2f0_0, 0;
    %load/vec4 v0x64021b8ad170_0;
    %cmpi/e 1, 0, 6;
    %jmp/0xz  T_13.4, 4;
    %pushi/vec4 0, 0, 6;
    %assign/vec4 v0x64021b8ad170_0, 0;
    %load/vec4 v0x64021b8ad3b0_0;
    %load/vec4 v0x64021b8ad470_0;
    %inv;
    %and;
    %assign/vec4 v0x64021b8ad250_0, 0;
    %load/vec4 v0x64021b8ad470_0;
    %load/vec4 v0x64021b8ad3b0_0;
    %inv;
    %and;
    %assign/vec4 v0x64021b8ad2f0_0, 0;
    %jmp T_13.5;
T_13.4 ;
    %load/vec4 v0x64021b8ad170_0;
    %subi 1, 0, 6;
    %assign/vec4 v0x64021b8ad170_0, 0;
T_13.5 ;
    %jmp T_13.3;
T_13.2 ;
    %load/vec4 v0x64021b8ad250_0;
    %flag_set/vec4 9;
    %flag_get/vec4 9;
    %jmp/0 T_13.9, 9;
    %load/vec4 v0x64021b8ad470_0;
    %and;
T_13.9;
    %flag_set/vec4 8;
    %jmp/1 T_13.8, 8;
    %load/vec4 v0x64021b8ad2f0_0;
    %flag_set/vec4 10;
    %flag_get/vec4 10;
    %jmp/0 T_13.10, 10;
    %load/vec4 v0x64021b8ad3b0_0;
    %and;
T_13.10;
    %flag_set/vec4 9;
    %flag_or 8, 9;
T_13.8;
    %jmp/0xz  T_13.6, 8;
    %pushi/vec4 0, 0, 1;
    %assign/vec4 v0x64021b8ad250_0, 0;
    %pushi/vec4 0, 0, 1;
    %assign/vec4 v0x64021b8ad2f0_0, 0;
    %pushi/vec4 25, 0, 6;
    %assign/vec4 v0x64021b8ad170_0, 0;
    %jmp T_13.7;
T_13.6 ;
    %load/vec4 v0x64021b8ad3b0_0;
    %load/vec4 v0x64021b8ad470_0;
    %inv;
    %and;
    %assign/vec4 v0x64021b8ad250_0, 0;
    %load/vec4 v0x64021b8ad470_0;
    %load/vec4 v0x64021b8ad3b0_0;
    %inv;
    %and;
    %assign/vec4 v0x64021b8ad2f0_0, 0;
T_13.7 ;
T_13.3 ;
T_13.1 ;
    %jmp T_13;
    .thread T_13;
    .scope S_0x64021b8691a0;
T_14 ;
    %pushi/vec4 0, 0, 1;
    %store/vec4 v0x64021b8b7300_0, 0, 1;
    %pushi/vec4 0, 0, 1;
    %store/vec4 v0x64021b8b7fa0_0, 0, 1;
    %pushi/vec4 0, 0, 1;
    %store/vec4 v0x64021b8b7b40_0, 0, 1;
    %pushi/vec4 0, 0, 1;
    %store/vec4 v0x64021b8b7be0_0, 0, 1;
    %pushi/vec4 1, 0, 1;
    %store/vec4 v0x64021b8b7cd0_0, 0, 1;
    %pushi/vec4 1023, 0, 10;
    %store/vec4 v0x64021b8b74b0_0, 0, 10;
    %pushi/vec4 1, 0, 1;
    %store/vec4 v0x64021b8b75a0_0, 0, 1;
    %pushi/vec4 0, 0, 1;
    %store/vec4 v0x64021b8b73c0_0, 0, 1;
    %pushi/vec4 0, 0, 1;
    %store/vec4 v0x64021b8b71f0_0, 0, 1;
    %pushi/vec4 0, 0, 1;
    %store/vec4 v0x64021b8b7dc0_0, 0, 1;
    %pushi/vec4 0, 0, 1;
    %store/vec4 v0x64021b8b8130_0, 0, 1;
    %pushi/vec4 0, 0, 1;
    %store/vec4 v0x64021b8b7eb0_0, 0, 1;
    %end;
    .thread T_14;
    .scope S_0x64021b8691a0;
T_15 ;
    %delay 10000, 0;
    %load/vec4 v0x64021b8b7300_0;
    %inv;
    %store/vec4 v0x64021b8b7300_0, 0, 1;
    %jmp T_15;
    .thread T_15;
    .scope S_0x64021b8691a0;
T_16 ;
    %vpi_call 2 30 "$dumpfile", "output/jagdis_top_smoke.vcd" {0 0 0};
    %vpi_call 2 31 "$dumpvars", 32'sb00000000000000000000000000000000, S_0x64021b8691a0 {0 0 0};
    %delay 35000, 0;
    %pushi/vec4 1, 0, 1;
    %store/vec4 v0x64021b8b7fa0_0, 0, 1;
    %delay 51000000, 0;
    %load/vec4 v0x64021b8b8090_0;
    %nor/r;
    %flag_set/vec4 8;
    %jmp/1 T_16.7, 8;
    %load/vec4 v0x64021b8b7780_0;
    %nor/r;
    %flag_set/vec4 9;
    %flag_or 8, 9;
T_16.7;
    %jmp/1 T_16.6, 8;
    %load/vec4 v0x64021b8b7a00_0;
    %nor/r;
    %flag_set/vec4 9;
    %flag_or 8, 9;
T_16.6;
    %jmp/1 T_16.5, 8;
    %load/vec4 v0x64021b8b7960_0;
    %flag_set/vec4 9;
    %flag_or 8, 9;
T_16.5;
    %jmp/1 T_16.4, 8;
    %load/vec4 v0x64021b8b7820_0;
    %flag_set/vec4 9;
    %flag_or 8, 9;
T_16.4;
    %jmp/1 T_16.3, 8;
    %load/vec4 v0x64021b8b7aa0_0;
    %flag_set/vec4 9;
    %flag_or 8, 9;
T_16.3;
    %jmp/1 T_16.2, 8;
    %load/vec4 v0x64021b8b78c0_0;
    %flag_set/vec4 9;
    %flag_or 8, 9;
T_16.2;
    %jmp/0xz  T_16.0, 8;
    %vpi_call 2 37 "$display", "FAIL: expected A+ B- operation after startup" {0 0 0};
    %vpi_call 2 38 "$finish" {0 0 0};
T_16.0 ;
    %pushi/vec4 1, 0, 1;
    %store/vec4 v0x64021b8b7dc0_0, 0, 1;
    %delay 1000, 0;
    %load/vec4 v0x64021b8b7780_0;
    %flag_set/vec4 8;
    %jmp/1 T_16.14, 8;
    %load/vec4 v0x64021b8b7960_0;
    %flag_set/vec4 9;
    %flag_or 8, 9;
T_16.14;
    %jmp/1 T_16.13, 8;
    %load/vec4 v0x64021b8b7820_0;
    %flag_set/vec4 9;
    %flag_or 8, 9;
T_16.13;
    %jmp/1 T_16.12, 8;
    %load/vec4 v0x64021b8b7a00_0;
    %flag_set/vec4 9;
    %flag_or 8, 9;
T_16.12;
    %jmp/1 T_16.11, 8;
    %load/vec4 v0x64021b8b78c0_0;
    %flag_set/vec4 9;
    %flag_or 8, 9;
T_16.11;
    %jmp/1 T_16.10, 8;
    %load/vec4 v0x64021b8b7aa0_0;
    %flag_set/vec4 9;
    %flag_or 8, 9;
T_16.10;
    %jmp/0xz  T_16.8, 8;
    %vpi_call 2 43 "$display", "FAIL: external fault did not asynchronously kill gates" {0 0 0};
    %vpi_call 2 44 "$finish" {0 0 0};
T_16.8 ;
    %delay 30000, 0;
    %load/vec4 v0x64021b8b76e0_0;
    %nor/r;
    %flag_set/vec4 8;
    %jmp/1 T_16.17, 8;
    %load/vec4 v0x64021b8b8090_0;
    %flag_set/vec4 9;
    %flag_or 8, 9;
T_16.17;
    %jmp/0xz  T_16.15, 8;
    %vpi_call 2 48 "$display", "FAIL: fault did not latch and clear RUN" {0 0 0};
    %vpi_call 2 49 "$finish" {0 0 0};
T_16.15 ;
    %vpi_call 2 51 "$display", "PASS: JAGDIS top-level smoke test" {0 0 0};
    %vpi_call 2 52 "$finish" {0 0 0};
    %end;
    .thread T_16;
# The file index is used to find the file name in the following table.
:file_names 11;
    "N/A";
    "<interactive>";
    "testbench/jagdis_top_smoke_tb.v";
    "src/jagdis_top.v";
    "src/control_fsm.v";
    "src/fault_manager.v";
    "src/gate_controller.v";
    "src/gate_phase.v";
    "src/hall_commutation.v";
    "src/pwm_generator.v";
    "src/reset_sync.v";
