┏━━━━━━━━━━━━━━━━━━━━━━┳━━━━━━━━━━┳━━━━━━━━━━┳━━━━━━━━━━┳━━━━━━━━━━┳━━━━━━━━━━━┳━━━━━━━━━━┳━━━━━━━━━━━┳━━━━━━━━━━┳━━━━━━━━━━━┳━━━━━━━━━━┳━━━━━━━━━━━┳━━━━━━━━━━┓
┃                      ┃ Hold     ┃ Reg to   ┃          ┃          ┃ of which  ┃ Setup    ┃           ┃          ┃           ┃ of which ┃           ┃          ┃
┃                      ┃ Worst    ┃ Reg      ┃          ┃ Hold Vio ┃ reg to    ┃ Worst    ┃ Reg to    ┃ Setup    ┃ Setup Vio ┃ reg to   ┃ Max Cap   ┃ Max Slew ┃
┃ Corner/Group         ┃ Slack    ┃ Paths    ┃ Hold TNS ┃ Count    ┃ reg       ┃ Slack    ┃ Reg Paths ┃ TNS      ┃ Count     ┃ reg      ┃ Violatio… ┃ Violati… ┃
┡━━━━━━━━━━━━━━━━━━━━━━╇━━━━━━━━━━╇━━━━━━━━━━╇━━━━━━━━━━╇━━━━━━━━━━╇━━━━━━━━━━━╇━━━━━━━━━━╇━━━━━━━━━━━╇━━━━━━━━━━╇━━━━━━━━━━━╇━━━━━━━━━━╇━━━━━━━━━━━╇━━━━━━━━━━┩
│ Overall              │ 0.1117   │ 0.1117   │ 0.0000   │ 0        │ 0         │ 3.0169   │ 3.0169    │ 0.0000   │ 0         │ 0        │ 0         │ 378      │
│ nom_tt_025C_1v80     │ 0.3231   │ 0.3231   │ 0.0000   │ 0        │ 0         │ 9.5216   │ 11.3811   │ 0.0000   │ 0         │ 0        │ 0         │ 0        │
│ nom_ss_100C_1v60     │ 0.8979   │ 0.8979   │ 0.0000   │ 0        │ 0         │ 3.2557   │ 3.2557    │ 0.0000   │ 0         │ 0        │ 0         │ 356      │
│ nom_ff_n40C_1v95     │ 0.1136   │ 0.1136   │ 0.0000   │ 0        │ 0         │ 10.3157  │ 14.4195   │ 0.0000   │ 0         │ 0        │ 0         │ 0        │
│ min_tt_025C_1v80     │ 0.3199   │ 0.3199   │ 0.0000   │ 0        │ 0         │ 9.5467   │ 11.5164   │ 0.0000   │ 0         │ 0        │ 0         │ 0        │
│ min_ss_100C_1v60     │ 0.8907   │ 0.8907   │ 0.0000   │ 0        │ 0         │ 3.5015   │ 3.5015    │ 0.0000   │ 0         │ 0        │ 0         │ 294      │
│ min_ff_n40C_1v95     │ 0.1117   │ 0.1117   │ 0.0000   │ 0        │ 0         │ 10.3324  │ 14.5113   │ 0.0000   │ 0         │ 0        │ 0         │ 0        │
│ max_tt_025C_1v80     │ 0.3260   │ 0.3260   │ 0.0000   │ 0        │ 0         │ 9.4925   │ 11.2510   │ 0.0000   │ 0         │ 0        │ 0         │ 0        │
│ max_ss_100C_1v60     │ 0.9078   │ 0.9078   │ 0.0000   │ 0        │ 0         │ 3.0169   │ 3.0169    │ 0.0000   │ 0         │ 0        │ 0         │ 378      │
│ max_ff_n40C_1v95     │ 0.1156   │ 0.1156   │ 0.0000   │ 0        │ 0         │ 10.2959  │ 14.3309   │ 0.0000   │ 0         │ 0        │ 0         │ 0        │
└──────────────────────┴──────────┴──────────┴──────────┴──────────┴───────────┴──────────┴───────────┴──────────┴───────────┴──────────┴───────────┴──────────┘
