Clock: CLK
Sources: CLK 
Generated: no
Virtual: yes
Propagated: no
Period: 20.000000

===========================================================================
report_clock_properties
============================================================================
Clock                   Period          Waveform
----------------------------------------------------
CLK                  20.000000    0.000000 10.000000

===========================================================================
report_clock_latency
============================================================================
Clock CLK
rise -> rise
    min     max
0.000000 0.000000 source latency
0.415249         network latency _735_/CLK
        0.477157 network latency _737_/CLK
---------------
0.415249 0.477157 latency
        0.061909 skew

fall -> fall
    min     max
0.000000 0.000000 source latency
0.363592         network latency _735_/CLK
        0.418557 network latency _737_/CLK
---------------
0.363592 0.418557 latency
        0.054965 skew



===========================================================================
report_clock_min_period
============================================================================
CLK period_min = 6.94 fmax = 144.05
