
===========================================================================
report_checks -unconstrained
===========================================================================
======================= min_ss_100C_1v60 Corner ===================================

Startpoint: _805_ (rising edge-triggered flip-flop clocked by CLK)
Endpoint: _735_ (recovery check against rising-edge clock CLK)
Path Group: asynchronous
Path Type: max

Fanout         Cap        Slew       Delay        Time   Description
---------------------------------------------------------------------------------------------
                                  0.000000    0.000000   clock CLK (rise edge)
                                  0.000000    0.000000   clock source latency
     1    0.020180    0.151185    0.108277    0.108277 ^ CLK (in)
                                                         CLK (net)
                      0.151190    0.000000    0.108277 ^ clkbuf_0_CLK/A (sky130_fd_sc_hd__clkbuf_16)
    16    0.092403    0.165353    0.360165    0.468442 ^ clkbuf_0_CLK/X (sky130_fd_sc_hd__clkbuf_16)
                                                         clknet_0_CLK (net)
                      0.165420    0.003368    0.471810 ^ clkbuf_4_13_0_CLK/A (sky130_fd_sc_hd__clkbuf_8)
     6    0.016398    0.075203    0.284953    0.756763 ^ clkbuf_4_13_0_CLK/X (sky130_fd_sc_hd__clkbuf_8)
                                                         clknet_4_13_0_CLK (net)
                      0.075203    0.000173    0.756937 ^ _805_/CLK (sky130_fd_sc_hd__dfrtp_2)
     1    0.002395    0.067016    0.704633    1.461569 ^ _805_/Q (sky130_fd_sc_hd__dfrtp_2)
                                                         control.reset_n (net)
                      0.067016    0.000027    1.461596 ^ hold58/A (sky130_fd_sc_hd__dlygate4sd3_1)
     3    0.015800    0.267227    1.256684    2.718280 ^ hold58/X (sky130_fd_sc_hd__dlygate4sd3_1)
                                                         net57 (net)
                      0.267227    0.000052    2.718332 ^ fanout48/A (sky130_fd_sc_hd__clkdlybuf4s25_1)
     2    0.013294    0.229685    0.697478    3.415810 ^ fanout48/X (sky130_fd_sc_hd__clkdlybuf4s25_1)
                                                         net48 (net)
                      0.229685    0.000043    3.415853 ^ fanout47/A (sky130_fd_sc_hd__clkdlybuf4s25_1)
     8    0.035549    0.573415    0.941406    4.357259 ^ fanout47/X (sky130_fd_sc_hd__clkdlybuf4s25_1)
                                                         net47 (net)
                      0.573415    0.000406    4.357665 ^ fanout44/A (sky130_fd_sc_hd__clkdlybuf4s25_1)
     2    0.006070    0.124990    0.726514    5.084179 ^ fanout44/X (sky130_fd_sc_hd__clkdlybuf4s25_1)
                                                         net44 (net)
                      0.124990    0.000048    5.084228 ^ load_slew45/A (sky130_fd_sc_hd__clkbuf_4)
     9    0.038832    0.199447    0.387019    5.471247 ^ load_slew45/X (sky130_fd_sc_hd__clkbuf_4)
                                                         net45 (net)
                      0.199449    0.001094    5.472341 ^ _735_/RESET_B (sky130_fd_sc_hd__dfrtp_2)
                                              5.472341   data arrival time

                                 20.000000   20.000000   clock CLK (rise edge)
                                  0.000000   20.000000   clock source latency
     1    0.020180    0.151185    0.097964   20.097965 ^ CLK (in)
                                                         CLK (net)
                      0.151190    0.000000   20.097965 ^ clkbuf_0_CLK/A (sky130_fd_sc_hd__clkbuf_16)
    16    0.092403    0.165353    0.325864   20.423828 ^ clkbuf_0_CLK/X (sky130_fd_sc_hd__clkbuf_16)
                                                         clknet_0_CLK (net)
                      0.165380    0.002162   20.425991 ^ clkbuf_4_11_0_CLK/A (sky130_fd_sc_hd__clkbuf_8)
     6    0.015553    0.073336    0.255945   20.681934 ^ clkbuf_4_11_0_CLK/X (sky130_fd_sc_hd__clkbuf_8)
                                                         clknet_4_11_0_CLK (net)
                      0.073336    0.000064   20.681999 ^ _735_/CLK (sky130_fd_sc_hd__dfrtp_2)
                                 -0.250000   20.431999   clock uncertainty
                                  0.044614   20.476612   clock reconvergence pessimism
                                  0.390353   20.866966   library recovery time
                                             20.866966   data required time
---------------------------------------------------------------------------------------------
                                             20.866966   data required time
                                             -5.472341   data arrival time
---------------------------------------------------------------------------------------------
                                             15.394625   slack (MET)


Startpoint: _796_ (rising edge-triggered flip-flop clocked by CLK)
Endpoint: _767_ (rising edge-triggered flip-flop clocked by CLK)
Path Group: CLK
Path Type: max

Fanout         Cap        Slew       Delay        Time   Description
---------------------------------------------------------------------------------------------
                                  0.000000    0.000000   clock CLK (rise edge)
                                  0.000000    0.000000   clock source latency
     1    0.020180    0.151185    0.108277    0.108277 ^ CLK (in)
                                                         CLK (net)
                      0.151190    0.000000    0.108277 ^ clkbuf_0_CLK/A (sky130_fd_sc_hd__clkbuf_16)
    16    0.092403    0.165353    0.360165    0.468442 ^ clkbuf_0_CLK/X (sky130_fd_sc_hd__clkbuf_16)
                                                         clknet_0_CLK (net)
                      0.165691    0.005390    0.473832 ^ clkbuf_4_2_0_CLK/A (sky130_fd_sc_hd__clkbuf_8)
     6    0.017782    0.078313    0.288379    0.762211 ^ clkbuf_4_2_0_CLK/X (sky130_fd_sc_hd__clkbuf_8)
                                                         clknet_4_2_0_CLK (net)
                      0.078313    0.000191    0.762402 ^ _796_/CLK (sky130_fd_sc_hd__dfrtp_2)
     3    0.010555    0.111012    0.895165    1.657566 v _796_/Q (sky130_fd_sc_hd__dfrtp_2)
                                                         duty_active[6] (net)
                      0.111012    0.000267    1.657834 v fanout52/A (sky130_fd_sc_hd__clkdlybuf4s25_1)
    10    0.062960    0.834447    1.110379    2.768212 v fanout52/X (sky130_fd_sc_hd__clkdlybuf4s25_1)
                                                         net52 (net)
                      0.834447    0.002336    2.770548 v _464_/B (sky130_fd_sc_hd__xor2_2)
     2    0.013944    0.290758    0.613511    3.384059 v _464_/X (sky130_fd_sc_hd__xor2_2)
                                                         _142_ (net)
                      0.290758    0.000125    3.384185 v _472_/B (sky130_fd_sc_hd__xnor2_2)
     2    0.011172    0.213393    0.390318    3.774502 v _472_/Y (sky130_fd_sc_hd__xnor2_2)
                                                         _150_ (net)
                      0.213393    0.000187    3.774689 v _477_/A (sky130_fd_sc_hd__xor2_2)
     3    0.011009    0.152616    0.419702    4.194391 v _477_/X (sky130_fd_sc_hd__xor2_2)
                                                         _155_ (net)
                      0.152616    0.000191    4.194581 v _480_/B (sky130_fd_sc_hd__or2_2)
     1    0.004345    0.123970    0.697460    4.892041 v _480_/X (sky130_fd_sc_hd__or2_2)
                                                         _158_ (net)
                      0.123970    0.000018    4.892059 v _481_/B (sky130_fd_sc_hd__nand2_2)
     2    0.011209    0.127134    0.174062    5.066122 ^ _481_/Y (sky130_fd_sc_hd__nand2_2)
                                                         _159_ (net)
                      0.127134    0.000056    5.066177 ^ _505_/A (sky130_fd_sc_hd__xor2_2)
     2    0.012136    0.291721    0.349852    5.416029 ^ _505_/X (sky130_fd_sc_hd__xor2_2)
                                                         _183_ (net)
                      0.291721    0.000120    5.416150 ^ _506_/B (sky130_fd_sc_hd__xnor2_2)
     2    0.010618    0.149018    0.245601    5.661751 v _506_/Y (sky130_fd_sc_hd__xnor2_2)
                                                         _184_ (net)
                      0.149018    0.000045    5.661796 v _559_/A (sky130_fd_sc_hd__or4_2)
     3    0.009750    0.266705    1.762474    7.424270 v _559_/X (sky130_fd_sc_hd__or4_2)
                                                         _237_ (net)
                      0.266705    0.000194    7.424464 v _563_/B (sky130_fd_sc_hd__and3_2)
     4    0.011826    0.112252    0.582178    8.006641 v _563_/X (sky130_fd_sc_hd__and3_2)
                                                         _241_ (net)
                      0.112252    0.000117    8.006759 v _614_/A (sky130_fd_sc_hd__or4_2)
     4    0.014453    0.299528    1.810562    9.817321 v _614_/X (sky130_fd_sc_hd__or4_2)
                                                         _292_ (net)
                      0.299528    0.000275    9.817595 v _620_/A1 (sky130_fd_sc_hd__a21oi_2)
     3    0.013696    0.307912    0.448042   10.265637 ^ _620_/Y (sky130_fd_sc_hd__a21oi_2)
                                                         _298_ (net)
                      0.307912    0.000161   10.265799 ^ _629_/C1 (sky130_fd_sc_hd__a211oi_2)
     3    0.007950    0.151661    0.169795   10.435594 v _629_/Y (sky130_fd_sc_hd__a211oi_2)
                                                         _307_ (net)
                      0.151661    0.000093   10.435686 v _631_/C (sky130_fd_sc_hd__or3_2)
     1    0.002691    0.162127    1.031252   11.466938 v _631_/X (sky130_fd_sc_hd__or3_2)
                                                         _309_ (net)
                      0.162127    0.000025   11.466963 v _635_/A2 (sky130_fd_sc_hd__a2111o_2)
     3    0.011854    0.158753    1.042578   12.509542 v _635_/X (sky130_fd_sc_hd__a2111o_2)
                                                         _313_ (net)
                      0.158753    0.000163   12.509704 v _637_/A (sky130_fd_sc_hd__nand2_2)
     5    0.019556    0.181925    0.226265   12.735970 ^ _637_/Y (sky130_fd_sc_hd__nand2_2)
                                                         _315_ (net)
                      0.181925    0.000380   12.736349 ^ _683_/A2 (sky130_fd_sc_hd__a311oi_2)
     2    0.007694    0.212196    0.295092   13.031441 v _683_/Y (sky130_fd_sc_hd__a311oi_2)
                                                         _348_ (net)
                      0.212196    0.000062   13.031504 v _684_/B (sky130_fd_sc_hd__nor2_2)
     1    0.002922    0.115085    0.186839   13.218343 ^ _684_/Y (sky130_fd_sc_hd__nor2_2)
                                                         _029_ (net)
                      0.115085    0.000038   13.218381 ^ hold82/A (sky130_fd_sc_hd__dlygate4sd3_1)
     1    0.002571    0.089072    1.108256   14.326636 ^ hold82/X (sky130_fd_sc_hd__dlygate4sd3_1)
                                                         net81 (net)
                      0.089072    0.000027   14.326663 ^ _767_/D (sky130_fd_sc_hd__dfrtp_2)
                                             14.326663   data arrival time

                                 20.000000   20.000000   clock CLK (rise edge)
                                  0.000000   20.000000   clock source latency
     1    0.020180    0.151185    0.097964   20.097965 ^ CLK (in)
                                                         CLK (net)
                      0.151190    0.000000   20.097965 ^ clkbuf_0_CLK/A (sky130_fd_sc_hd__clkbuf_16)
    16    0.092403    0.165353    0.325864   20.423828 ^ clkbuf_0_CLK/X (sky130_fd_sc_hd__clkbuf_16)
                                                         clknet_0_CLK (net)
                      0.165381    0.002174   20.426003 ^ clkbuf_4_15_0_CLK/A (sky130_fd_sc_hd__clkbuf_8)
     6    0.017182    0.076957    0.259487   20.685490 ^ clkbuf_4_15_0_CLK/X (sky130_fd_sc_hd__clkbuf_8)
                                                         clknet_4_15_0_CLK (net)
                      0.076957    0.000131   20.685621 ^ _767_/CLK (sky130_fd_sc_hd__dfrtp_2)
                                 -0.250000   20.435621   clock uncertainty
                                  0.044614   20.480234   clock reconvergence pessimism
                                 -0.142021   20.338213   library setup time
                                             20.338213   data required time
---------------------------------------------------------------------------------------------
                                             20.338213   data required time
                                            -14.326663   data arrival time
---------------------------------------------------------------------------------------------
                                              6.011550   slack (MET)




===========================================================================
report_checks --slack_max -0.01
============================================================================
======================= min_ss_100C_1v60 Corner ===================================

No paths found.


===========================================================================
 report_check_types -max_slew -max_cap -max_fanout -violators
============================================================================
======================= min_ss_100C_1v60 Corner ===================================

max slew

Pin                                        Limit        Slew       Slack
------------------------------------------------------------------------
_463_/B                                 0.750000    1.052580   -0.302580 (VIOLATED)
_464_/B                                 0.750000    1.052580   -0.302580 (VIOLATED)
_475_/A1                                0.750000    1.052580   -0.302580 (VIOLATED)
_485_/A                                 0.750000    1.052580   -0.302580 (VIOLATED)
_501_/A                                 0.750000    1.052580   -0.302580 (VIOLATED)
_514_/A                                 0.750000    1.052580   -0.302580 (VIOLATED)
_549_/B2                                0.750000    1.052580   -0.302580 (VIOLATED)
_550_/A                                 0.750000    1.052580   -0.302580 (VIOLATED)
_565_/A                                 0.750000    1.052580   -0.302580 (VIOLATED)
_566_/A                                 0.750000    1.052580   -0.302580 (VIOLATED)
fanout52/X                              0.750000    1.052580   -0.302580 (VIOLATED)
_452_/B                                 0.750000    0.978310   -0.228310 (VIOLATED)
_453_/B                                 0.750000    0.978310   -0.228310 (VIOLATED)
_458_/A1                                0.750000    0.978310   -0.228310 (VIOLATED)
_462_/A                                 0.750000    0.978310   -0.228310 (VIOLATED)
_478_/A                                 0.750000    0.978310   -0.228310 (VIOLATED)
_480_/A                                 0.750000    0.978310   -0.228310 (VIOLATED)
_527_/A1                                0.750000    0.978310   -0.228310 (VIOLATED)
_545_/A                                 0.750000    0.978310   -0.228310 (VIOLATED)
_593_/A                                 0.750000    0.978310   -0.228310 (VIOLATED)
_594_/A                                 0.750000    0.978310   -0.228310 (VIOLATED)
fanout50/X                              0.750000    0.978310   -0.228310 (VIOLATED)
_456_/B                                 0.750000    0.942960   -0.192960 (VIOLATED)
_457_/B                                 0.750000    0.942960   -0.192960 (VIOLATED)
_465_/A1                                0.750000    0.942960   -0.192960 (VIOLATED)
_472_/A                                 0.750000    0.942960   -0.192960 (VIOLATED)
_488_/A1                                0.750000    0.942960   -0.192960 (VIOLATED)
_502_/A                                 0.750000    0.942960   -0.192960 (VIOLATED)
_544_/A1                                0.750000    0.942960   -0.192960 (VIOLATED)
_546_/A                                 0.750000    0.942960   -0.192960 (VIOLATED)
_551_/A1                                0.750000    0.942960   -0.192960 (VIOLATED)
_592_/B                                 0.750000    0.942960   -0.192960 (VIOLATED)
fanout51/X                              0.750000    0.942960   -0.192960 (VIOLATED)
_395_/B                                 0.750000    0.824447   -0.074447 (VIOLATED)
_713_/S                                 0.750000    0.824447   -0.074447 (VIOLATED)
_714_/S                                 0.750000    0.824447   -0.074447 (VIOLATED)
_715_/S                                 0.750000    0.824447   -0.074447 (VIOLATED)
_716_/S                                 0.750000    0.824447   -0.074447 (VIOLATED)
_717_/S                                 0.750000    0.824447   -0.074447 (VIOLATED)
_718_/S                                 0.750000    0.824447   -0.074447 (VIOLATED)
_719_/S                                 0.750000    0.824447   -0.074447 (VIOLATED)
_720_/S                                 0.750000    0.824447   -0.074447 (VIOLATED)
_721_/S                                 0.750000    0.824447   -0.074447 (VIOLATED)
fanout30/X                              0.750000    0.824447   -0.074447 (VIOLATED)

max fanout

Pin                                   Limit Fanout  Slack
---------------------------------------------------------
clkbuf_0_CLK/X                           10     16     -6 (VIOLATED)



===========================================================================
report_parasitic_annotation -report_unannotated
============================================================================
Found 16 unannotated drivers.
 _804__53/LO
 clkload0/X
 clkload1/X
 clkload10/X
 clkload11/X
 clkload12/X
 clkload13/X
 clkload14/X
 clkload2/X
 clkload3/X
 clkload4/X
 clkload5/X
 clkload6/X
 clkload7/X
 clkload8/X
 clkload9/X
Found 0 partially unannotated drivers.

===========================================================================
max slew violation count 44
max fanout violation count 1
max cap violation count 0
============================================================================

===========================================================================
check_setup -verbose -unconstrained_endpoints -multiple_clock -no_clock -no_input_delay -loops -generated_clocks
===========================================================================
