Clock: CLK
Sources: CLK 
Generated: no
Virtual: yes
Propagated: no
Period: 20.000000

===========================================================================
report_clock_properties
============================================================================
Clock                   Period          Waveform
----------------------------------------------------
CLK                  20.000000    0.000000 10.000000

===========================================================================
report_clock_latency
============================================================================
Clock CLK
rise -> rise
    min     max
0.000000 0.000000 source latency
0.681815         network latency _788_/CLK
        0.769182 network latency _746_/CLK
---------------
0.681815 0.769182 latency
        0.087368 skew

fall -> fall
    min     max
0.000000 0.000000 source latency
0.622378         network latency _735_/CLK
        0.700874 network latency _746_/CLK
---------------
0.622378 0.700874 latency
        0.078496 skew



===========================================================================
report_clock_min_period
============================================================================
CLK period_min = 13.99 fmax = 71.49
