
===========================================================================
 report_power
============================================================================
======================= min_ss_100C_1v60 Corner ===================================

Group                    Internal    Switching      Leakage        Total
                            Power        Power        Power        Power (Watts)
------------------------------------------------------------------------
Sequential           1.285533e-04 4.060467e-06 1.533344e-06 1.341471e-04  33.0%
Combinational        7.440822e-05 5.757429e-05 2.544317e-06 1.345268e-04  33.1%
Clock                9.012511e-05 4.792309e-05 2.905349e-07 1.383387e-04  34.0%
Macro                0.000000e+00 0.000000e+00 0.000000e+00 0.000000e+00   0.0%
Pad                  0.000000e+00 0.000000e+00 0.000000e+00 0.000000e+00   0.0%
------------------------------------------------------------------------
Total                2.930865e-04 1.095578e-04 4.368196e-06 4.070126e-04 100.0%
                            72.0%        26.9%         1.1%

