Clock: CLK
Sources: CLK 
Generated: no
Virtual: yes
Propagated: no
Period: 20.000000

===========================================================================
report_clock_properties
============================================================================
Clock                   Period          Waveform
----------------------------------------------------
CLK                  20.000000    0.000000 10.000000

===========================================================================
report_clock_latency
============================================================================
Clock CLK
rise -> rise
    min     max
0.000000 0.000000 source latency
0.286551         network latency _735_/CLK
        0.332342 network latency _737_/CLK
---------------
0.286551 0.332342 latency
        0.045791 skew

fall -> fall
    min     max
0.000000 0.000000 source latency
0.248906         network latency _735_/CLK
        0.289622 network latency _737_/CLK
---------------
0.248906 0.289622 latency
        0.040716 skew



===========================================================================
report_clock_min_period
============================================================================
CLK period_min = 4.43 fmax = 225.96
