
===========================================================================
report_checks -unconstrained
===========================================================================
======================= max_ss_100C_1v60 Corner ===================================

Startpoint: _805_ (rising edge-triggered flip-flop clocked by CLK)
Endpoint: _735_ (recovery check against rising-edge clock CLK)
Path Group: asynchronous
Path Type: max

Fanout         Cap        Slew       Delay        Time   Description
---------------------------------------------------------------------------------------------
                                  0.000000    0.000000   clock CLK (rise edge)
                                  0.000000    0.000000   clock source latency
     1    0.022405    0.166851    0.120345    0.120345 ^ CLK (in)
                                                         CLK (net)
                      0.166877    0.000000    0.120345 ^ clkbuf_0_CLK/A (sky130_fd_sc_hd__clkbuf_16)
    16    0.097983    0.174212    0.368039    0.488384 ^ clkbuf_0_CLK/X (sky130_fd_sc_hd__clkbuf_16)
                                                         clknet_0_CLK (net)
                      0.175557    0.012834    0.501218 ^ clkbuf_4_13_0_CLK/A (sky130_fd_sc_hd__clkbuf_8)
     6    0.017537    0.077797    0.292237    0.793455 ^ clkbuf_4_13_0_CLK/X (sky130_fd_sc_hd__clkbuf_8)
                                                         clknet_4_13_0_CLK (net)
                      0.077810    0.001006    0.794461 ^ _805_/CLK (sky130_fd_sc_hd__dfrtp_2)
     1    0.002564    0.068134    0.707617    1.502078 ^ _805_/Q (sky130_fd_sc_hd__dfrtp_2)
                                                         control.reset_n (net)
                      0.068134    0.000168    1.502246 ^ hold58/A (sky130_fd_sc_hd__dlygate4sd3_1)
     3    0.017548    0.292180    1.276126    2.778372 ^ hold58/X (sky130_fd_sc_hd__dlygate4sd3_1)
                                                         net57 (net)
                      0.292180    0.000525    2.778897 ^ fanout48/A (sky130_fd_sc_hd__clkdlybuf4s25_1)
     2    0.015156    0.258466    0.727943    3.506840 ^ fanout48/X (sky130_fd_sc_hd__clkdlybuf4s25_1)
                                                         net48 (net)
                      0.258466    0.000454    3.507294 ^ fanout47/A (sky130_fd_sc_hd__clkdlybuf4s25_1)
     8    0.038102    0.614601    0.980130    4.487424 ^ fanout47/X (sky130_fd_sc_hd__clkdlybuf4s25_1)
                                                         net47 (net)
                      0.614601    0.002260    4.489684 ^ fanout44/A (sky130_fd_sc_hd__clkdlybuf4s25_1)
     2    0.006204    0.122698    0.743275    5.232960 ^ fanout44/X (sky130_fd_sc_hd__clkdlybuf4s25_1)
                                                         net44 (net)
                      0.122698    0.000407    5.233366 ^ load_slew45/A (sky130_fd_sc_hd__clkbuf_4)
     9    0.040850    0.207917    0.391035    5.624402 ^ load_slew45/X (sky130_fd_sc_hd__clkbuf_4)
                                                         net45 (net)
                      0.208023    0.004546    5.628948 ^ _735_/RESET_B (sky130_fd_sc_hd__dfrtp_2)
                                              5.628948   data arrival time

                                 20.000000   20.000000   clock CLK (rise edge)
                                  0.000000   20.000000   clock source latency
     1    0.022405    0.166851    0.108884   20.108885 ^ CLK (in)
                                                         CLK (net)
                      0.166877    0.000000   20.108885 ^ clkbuf_0_CLK/A (sky130_fd_sc_hd__clkbuf_16)
    16    0.097983    0.174212    0.332987   20.441872 ^ clkbuf_0_CLK/X (sky130_fd_sc_hd__clkbuf_16)
                                                         clknet_0_CLK (net)
                      0.175022    0.009107   20.450979 ^ clkbuf_4_11_0_CLK/A (sky130_fd_sc_hd__clkbuf_8)
     6    0.016408    0.075249    0.261567   20.712545 ^ clkbuf_4_11_0_CLK/X (sky130_fd_sc_hd__clkbuf_8)
                                                         clknet_4_11_0_CLK (net)
                      0.075252    0.000668   20.713213 ^ _735_/CLK (sky130_fd_sc_hd__dfrtp_2)
                                 -0.250000   20.463215   clock uncertainty
                                  0.046513   20.509726   clock reconvergence pessimism
                                  0.387337   20.897062   library recovery time
                                             20.897062   data required time
---------------------------------------------------------------------------------------------
                                             20.897062   data required time
                                             -5.628948   data arrival time
---------------------------------------------------------------------------------------------
                                             15.268114   slack (MET)


Startpoint: _796_ (rising edge-triggered flip-flop clocked by CLK)
Endpoint: _767_ (rising edge-triggered flip-flop clocked by CLK)
Path Group: CLK
Path Type: max

Fanout         Cap        Slew       Delay        Time   Description
---------------------------------------------------------------------------------------------
                                  0.000000    0.000000   clock CLK (rise edge)
                                  0.000000    0.000000   clock source latency
     1    0.022405    0.166851    0.120345    0.120345 ^ CLK (in)
                                                         CLK (net)
                      0.166877    0.000000    0.120345 ^ clkbuf_0_CLK/A (sky130_fd_sc_hd__clkbuf_16)
    16    0.097983    0.174212    0.368039    0.488384 ^ clkbuf_0_CLK/X (sky130_fd_sc_hd__clkbuf_16)
                                                         clknet_0_CLK (net)
                      0.176803    0.017691    0.506075 ^ clkbuf_4_2_0_CLK/A (sky130_fd_sc_hd__clkbuf_8)
     6    0.019361    0.082000    0.297149    0.803224 ^ clkbuf_4_2_0_CLK/X (sky130_fd_sc_hd__clkbuf_8)
                                                         clknet_4_2_0_CLK (net)
                      0.082009    0.000966    0.804190 ^ _796_/CLK (sky130_fd_sc_hd__dfrtp_2)
     3    0.011669    0.116760    0.903690    1.707880 v _796_/Q (sky130_fd_sc_hd__dfrtp_2)
                                                         duty_active[6] (net)
                      0.116760    0.001106    1.708986 v fanout52/A (sky130_fd_sc_hd__clkdlybuf4s25_1)
    10    0.066079    0.876848    1.138528    2.847514 v fanout52/X (sky130_fd_sc_hd__clkdlybuf4s25_1)
                                                         net52 (net)
                      0.876936    0.009342    2.856856 v _464_/B (sky130_fd_sc_hd__xor2_2)
     2    0.014181    0.299953    0.625657    3.482512 v _464_/X (sky130_fd_sc_hd__xor2_2)
                                                         _142_ (net)
                      0.299953    0.000955    3.483468 v _472_/B (sky130_fd_sc_hd__xnor2_2)
     2    0.011412    0.220204    0.395306    3.878774 v _472_/Y (sky130_fd_sc_hd__xnor2_2)
                                                         _150_ (net)
                      0.220206    0.001213    3.879987 v _477_/A (sky130_fd_sc_hd__xor2_2)
     3    0.011833    0.159989    0.426794    4.306781 v _477_/X (sky130_fd_sc_hd__xor2_2)
                                                         _155_ (net)
                      0.160002    0.000810    4.307591 v _480_/B (sky130_fd_sc_hd__or2_2)
     1    0.004354    0.119623    0.700606    5.008197 v _480_/X (sky130_fd_sc_hd__or2_2)
                                                         _158_ (net)
                      0.119623    0.000213    5.008410 v _481_/B (sky130_fd_sc_hd__nand2_2)
     2    0.011316    0.128857    0.172287    5.180697 ^ _481_/Y (sky130_fd_sc_hd__nand2_2)
                                                         _159_ (net)
                      0.128857    0.000526    5.181223 ^ _505_/A (sky130_fd_sc_hd__xor2_2)
     2    0.012363    0.295495    0.353250    5.534473 ^ _505_/X (sky130_fd_sc_hd__xor2_2)
                                                         _183_ (net)
                      0.295495    0.000882    5.535356 ^ _506_/B (sky130_fd_sc_hd__xnor2_2)
     2    0.010829    0.145489    0.248176    5.783532 v _506_/Y (sky130_fd_sc_hd__xnor2_2)
                                                         _184_ (net)
                      0.145489    0.000376    5.783907 v _559_/A (sky130_fd_sc_hd__or4_2)
     3    0.010350    0.270232    1.768795    7.552702 v _559_/X (sky130_fd_sc_hd__or4_2)
                                                         _237_ (net)
                      0.270244    0.000909    7.553610 v _563_/B (sky130_fd_sc_hd__and3_2)
     4    0.012322    0.114768    0.586621    8.140232 v _563_/X (sky130_fd_sc_hd__and3_2)
                                                         _241_ (net)
                      0.114769    0.000707    8.140939 v _614_/A (sky130_fd_sc_hd__or4_2)
     4    0.014951    0.304184    1.817375    9.958314 v _614_/X (sky130_fd_sc_hd__or4_2)
                                                         _292_ (net)
                      0.304185    0.001471    9.959785 v _620_/A1 (sky130_fd_sc_hd__a21oi_2)
     3    0.014512    0.322880    0.461434   10.421218 ^ _620_/Y (sky130_fd_sc_hd__a21oi_2)
                                                         _298_ (net)
                      0.322880    0.000905   10.422123 ^ _629_/C1 (sky130_fd_sc_hd__a211oi_2)
     3    0.008436    0.158221    0.176837   10.598960 v _629_/Y (sky130_fd_sc_hd__a211oi_2)
                                                         _307_ (net)
                      0.158221    0.000434   10.599395 v _631_/C (sky130_fd_sc_hd__or3_2)
     1    0.002800    0.160836    1.035436   11.634830 v _631_/X (sky130_fd_sc_hd__or3_2)
                                                         _309_ (net)
                      0.160836    0.000206   11.635036 v _635_/A2 (sky130_fd_sc_hd__a2111o_2)
     3    0.012470    0.162846    1.046746   12.681782 v _635_/X (sky130_fd_sc_hd__a2111o_2)
                                                         _313_ (net)
                      0.162847    0.000805   12.682587 v _637_/A (sky130_fd_sc_hd__nand2_2)
     5    0.020791    0.191426    0.234827   12.917414 ^ _637_/Y (sky130_fd_sc_hd__nand2_2)
                                                         _315_ (net)
                      0.191513    0.001607   12.919021 ^ _683_/A2 (sky130_fd_sc_hd__a311oi_2)
     2    0.008077    0.216855    0.302760   13.221781 v _683_/Y (sky130_fd_sc_hd__a311oi_2)
                                                         _348_ (net)
                      0.216855    0.000511   13.222291 v _684_/B (sky130_fd_sc_hd__nor2_2)
     1    0.003265    0.119393    0.193506   13.415797 ^ _684_/Y (sky130_fd_sc_hd__nor2_2)
                                                         _029_ (net)
                      0.119393    0.000237   13.416034 ^ hold82/A (sky130_fd_sc_hd__dlygate4sd3_1)
     1    0.002729    0.090823    1.112541   14.528575 ^ hold82/X (sky130_fd_sc_hd__dlygate4sd3_1)
                                                         net81 (net)
                      0.090823    0.000183   14.528758 ^ _767_/D (sky130_fd_sc_hd__dfrtp_2)
                                             14.528758   data arrival time

                                 20.000000   20.000000   clock CLK (rise edge)
                                  0.000000   20.000000   clock source latency
     1    0.022405    0.166851    0.108884   20.108885 ^ CLK (in)
                                                         CLK (net)
                      0.166877    0.000000   20.108885 ^ clkbuf_0_CLK/A (sky130_fd_sc_hd__clkbuf_16)
    16    0.097983    0.174212    0.332987   20.441872 ^ clkbuf_0_CLK/X (sky130_fd_sc_hd__clkbuf_16)
                                                         clknet_0_CLK (net)
                      0.175047    0.009241   20.451111 ^ clkbuf_4_15_0_CLK/A (sky130_fd_sc_hd__clkbuf_8)
     6    0.018482    0.079966    0.266196   20.717308 ^ clkbuf_4_15_0_CLK/X (sky130_fd_sc_hd__clkbuf_8)
                                                         clknet_4_15_0_CLK (net)
                      0.079976    0.000833   20.718142 ^ _767_/CLK (sky130_fd_sc_hd__dfrtp_2)
                                 -0.250000   20.468142   clock uncertainty
                                  0.046513   20.514654   clock reconvergence pessimism
                                 -0.141929   20.372725   library setup time
                                             20.372725   data required time
---------------------------------------------------------------------------------------------
                                             20.372725   data required time
                                            -14.528758   data arrival time
---------------------------------------------------------------------------------------------
                                              5.843966   slack (MET)




===========================================================================
report_checks --slack_max -0.01
============================================================================
======================= max_ss_100C_1v60 Corner ===================================

No paths found.


===========================================================================
 report_check_types -max_slew -max_cap -max_fanout -violators
============================================================================
======================= max_ss_100C_1v60 Corner ===================================

max slew

Pin                                        Limit        Slew       Slack
------------------------------------------------------------------------
_514_/A                                 0.750000    1.102899   -0.352899 (VIOLATED)
_501_/A                                 0.750000    1.102886   -0.352886 (VIOLATED)
_485_/A                                 0.750000    1.102862   -0.352862 (VIOLATED)
_549_/B2                                0.750000    1.102849   -0.352849 (VIOLATED)
_550_/A                                 0.750000    1.102848   -0.352848 (VIOLATED)
_475_/A1                                0.750000    1.102835   -0.352835 (VIOLATED)
_464_/B                                 0.750000    1.102831   -0.352831 (VIOLATED)
_463_/B                                 0.750000    1.102791   -0.352791 (VIOLATED)
_566_/A                                 0.750000    1.102450   -0.352450 (VIOLATED)
_565_/A                                 0.750000    1.102448   -0.352448 (VIOLATED)
fanout52/X                              0.750000    1.102445   -0.352445 (VIOLATED)
_545_/A                                 0.750000    1.030736   -0.280736 (VIOLATED)
_527_/A1                                0.750000    1.030734   -0.280734 (VIOLATED)
_480_/A                                 0.750000    1.030712   -0.280712 (VIOLATED)
_478_/A                                 0.750000    1.030709   -0.280709 (VIOLATED)
_452_/B                                 0.750000    1.030701   -0.280701 (VIOLATED)
_453_/B                                 0.750000    1.030699   -0.280699 (VIOLATED)
_593_/A                                 0.750000    1.030690   -0.280690 (VIOLATED)
_458_/A1                                0.750000    1.030690   -0.280690 (VIOLATED)
_462_/A                                 0.750000    1.030690   -0.280690 (VIOLATED)
_594_/A                                 0.750000    1.030690   -0.280690 (VIOLATED)
fanout50/X                              0.750000    1.030690   -0.280690 (VIOLATED)
_546_/A                                 0.750000    0.983313   -0.233313 (VIOLATED)
_502_/A                                 0.750000    0.983312   -0.233312 (VIOLATED)
_551_/A1                                0.750000    0.983311   -0.233311 (VIOLATED)
_544_/A1                                0.750000    0.983310   -0.233310 (VIOLATED)
_488_/A1                                0.750000    0.983310   -0.233310 (VIOLATED)
_472_/A                                 0.750000    0.983304   -0.233304 (VIOLATED)
_456_/B                                 0.750000    0.983303   -0.233303 (VIOLATED)
_457_/B                                 0.750000    0.983303   -0.233303 (VIOLATED)
_465_/A1                                0.750000    0.983303   -0.233303 (VIOLATED)
_592_/B                                 0.750000    0.983303   -0.233303 (VIOLATED)
fanout51/X                              0.750000    0.983303   -0.233303 (VIOLATED)
_395_/B                                 0.750000    0.885452   -0.135452 (VIOLATED)
_719_/S                                 0.750000    0.885445   -0.135445 (VIOLATED)
_721_/S                                 0.750000    0.885443   -0.135443 (VIOLATED)
_720_/S                                 0.750000    0.885442   -0.135443 (VIOLATED)
_717_/S                                 0.750000    0.885441   -0.135441 (VIOLATED)
_714_/S                                 0.750000    0.885438   -0.135438 (VIOLATED)
_713_/S                                 0.750000    0.885437   -0.135437 (VIOLATED)
_718_/S                                 0.750000    0.885437   -0.135437 (VIOLATED)
_715_/S                                 0.750000    0.885437   -0.135437 (VIOLATED)
_716_/S                                 0.750000    0.885437   -0.135437 (VIOLATED)
fanout30/X                              0.750000    0.885437   -0.135437 (VIOLATED)

max fanout

Pin                                   Limit Fanout  Slack
---------------------------------------------------------
clkbuf_0_CLK/X                           10     16     -6 (VIOLATED)



===========================================================================
report_parasitic_annotation -report_unannotated
============================================================================
Found 16 unannotated drivers.
 _804__53/LO
 clkload0/X
 clkload1/X
 clkload10/X
 clkload11/X
 clkload12/X
 clkload13/X
 clkload14/X
 clkload2/X
 clkload3/X
 clkload4/X
 clkload5/X
 clkload6/X
 clkload7/X
 clkload8/X
 clkload9/X
Found 0 partially unannotated drivers.

===========================================================================
max slew violation count 44
max fanout violation count 1
max cap violation count 0
============================================================================

===========================================================================
check_setup -verbose -unconstrained_endpoints -multiple_clock -no_clock -no_input_delay -loops -generated_clocks
===========================================================================
