Clock: CLK
Sources: CLK 
Generated: no
Virtual: yes
Propagated: no
Period: 20.000000

===========================================================================
report_clock_properties
============================================================================
Clock                   Period          Waveform
----------------------------------------------------
CLK                  20.000000    0.000000 10.000000

===========================================================================
report_clock_latency
============================================================================
Clock CLK
rise -> rise
    min     max
0.000000 0.000000 source latency
0.713213         network latency _735_/CLK
        0.812035 network latency _746_/CLK
---------------
0.713213 0.812035 latency
        0.098822 skew

fall -> fall
    min     max
0.000000 0.000000 source latency
0.645036         network latency _735_/CLK
        0.733596 network latency _746_/CLK
---------------
0.645036 0.733596 latency
        0.088560 skew



===========================================================================
report_clock_min_period
============================================================================
CLK period_min = 14.16 fmax = 70.64
