
===========================================================================
 report_power
============================================================================
======================= max_ss_100C_1v60 Corner ===================================

Group                    Internal    Switching      Leakage        Total
                            Power        Power        Power        Power (Watts)
------------------------------------------------------------------------
Sequential           1.283950e-04 4.278259e-06 1.533344e-06 1.342067e-04  32.5%
Combinational        7.447787e-05 5.990778e-05 2.544317e-06 1.369300e-04  33.1%
Clock                9.028287e-05 5.168419e-05 2.905349e-07 1.422576e-04  34.4%
Macro                0.000000e+00 0.000000e+00 0.000000e+00 0.000000e+00   0.0%
Pad                  0.000000e+00 0.000000e+00 0.000000e+00 0.000000e+00   0.0%
------------------------------------------------------------------------
Total                2.931557e-04 1.158702e-04 4.368196e-06 4.133942e-04 100.0%
                            70.9%        28.0%         1.1%

