Clock: CLK
Sources: CLK 
Generated: no
Virtual: yes
Propagated: no
Period: 20.000000

===========================================================================
report_clock_properties
============================================================================
Clock                   Period          Waveform
----------------------------------------------------
CLK                  20.000000    0.000000 10.000000

===========================================================================
report_clock_latency
============================================================================
Clock CLK
rise -> rise
    min     max
0.000000 0.000000 source latency
0.395639         network latency _735_/CLK
        0.448409 network latency _746_/CLK
---------------
0.395639 0.448409 latency
        0.052771 skew

fall -> fall
    min     max
0.000000 0.000000 source latency
0.349845         network latency _735_/CLK
        0.396311 network latency _746_/CLK
---------------
0.349845 0.396311 latency
        0.046466 skew



===========================================================================
report_clock_min_period
============================================================================
CLK period_min = 6.84 fmax = 146.15
