
===========================================================================
 report_power
============================================================================
======================= min_tt_025C_1v80 Corner ===================================

Group                    Internal    Switching      Leakage        Total
                            Power        Power        Power        Power (Watts)
------------------------------------------------------------------------
Sequential           1.671821e-04 5.188739e-06 9.376833e-10 1.723717e-04  33.9%
Combinational        9.085220e-05 7.327080e-05 1.918731e-09 1.641249e-04  32.2%
Clock                1.106557e-04 6.192484e-05 2.843500e-09 1.725834e-04  33.9%
Macro                0.000000e+00 0.000000e+00 0.000000e+00 0.000000e+00   0.0%
Pad                  0.000000e+00 0.000000e+00 0.000000e+00 0.000000e+00   0.0%
------------------------------------------------------------------------
Total                3.686900e-04 1.403844e-04 5.699921e-09 5.090802e-04 100.0%
                            72.4%        27.6%         0.0%

