Clock: CLK
Sources: CLK 
Generated: no
Virtual: yes
Propagated: no
Period: 20.000000

===========================================================================
report_clock_properties
============================================================================
Clock                   Period          Waveform
----------------------------------------------------
CLK                  20.000000    0.000000 10.000000

===========================================================================
report_clock_latency
============================================================================
Clock CLK
rise -> rise
    min     max
0.000000 0.000000 source latency
0.272598         network latency _735_/CLK
        0.310021 network latency _746_/CLK
---------------
0.272598 0.310021 latency
        0.037423 skew

fall -> fall
    min     max
0.000000 0.000000 source latency
0.238234         network latency _735_/CLK
        0.270902 network latency _746_/CLK
---------------
0.238234 0.270902 latency
        0.032667 skew



===========================================================================
report_clock_min_period
============================================================================
CLK period_min = 4.36 fmax = 229.57
