
===========================================================================
 report_power
============================================================================
======================= min_ff_n40C_1v95 Corner ===================================

Group                    Internal    Switching      Leakage        Total
                            Power        Power        Power        Power (Watts)
------------------------------------------------------------------------
Sequential           1.946612e-04 6.155996e-06 1.717418e-09 2.008189e-04  34.1%
Combinational        1.013083e-04 8.669070e-05 5.584058e-09 1.880046e-04  31.9%
Clock                1.262741e-04 7.409632e-05 3.916633e-09 2.003743e-04  34.0%
Macro                0.000000e+00 0.000000e+00 0.000000e+00 0.000000e+00   0.0%
Pad                  0.000000e+00 0.000000e+00 0.000000e+00 0.000000e+00   0.0%
------------------------------------------------------------------------
Total                4.222436e-04 1.669429e-04 1.121816e-08 5.891978e-04 100.0%
                            71.7%        28.3%         0.0%

